{"deployment_model": "C:\\Users\\Shricharan\\VSCodeProjects\\airtrafficcontrol\\bluesky-gym\\runs\\forecast-batch-v1\\replay-ma-retry2\\candidate\\models\\ma\\model.zip", "model_sha256": "961f525f11bec7a0f417933d209230ca99c5b4b8c00d883233a006b8ee38c4bb", "env": "ma", "heading_transport": {"revision": 1, "encoding": "plain_decimal"}}
Constructing archived environment
Creating directory "C:\Users\Shricharan\VSCodeProjects\airtrafficcontrol\bluesky-gym\runs\forecast-batch-v1\replay-ma-retry2\candidate\source\runs\simulator\scenario"
Creating directory "C:\Users\Shricharan\VSCodeProjects\airtrafficcontrol\bluesky-gym\runs\forecast-batch-v1\replay-ma-retry2\candidate\source\runs\simulator\plugins"
Creating directory "C:\Users\Shricharan\VSCodeProjects\airtrafficcontrol\bluesky-gym\runs\forecast-batch-v1\replay-ma-retry2\candidate\source\runs\simulator\output"
Copying default configfile to C:\Users\Shricharan\VSCodeProjects\airtrafficcontrol\bluesky-gym\runs\forecast-batch-v1\replay-ma-retry2\candidate\source\runs\simulator\settings.cfg
Reading config from C:\Users\Shricharan\VSCodeProjects\airtrafficcontrol\bluesky-gym\runs\forecast-batch-v1\replay-ma-retry2\candidate\source\runs\simulator\settings.cfg
Using compiled geo functions
Reading magnetic variation data
Warning: RTree could not be loaded. areafilter get_intersecting and get_knearest won't work
Loading global navigation database...
Reading cache: C:\Users\Shricharan\VSCodeProjects\airtrafficcontrol\bluesky-gym\runs\forecast-batch-v1\replay-ma-retry2\candidate\source\runs\simulator\cache\navdata.p
Successfully loaded OpenAP performance model
Failed to load BADA performance model
Successfully loaded legacy performance model
Successfully loaded plugin AREA
Successfully loaded plugin DATAFEED
Archived environment constructed
Isolated forecast hook attached
{"decision_batches": 100, "aircraft_forecasts_checked": 1000, "all_forecast_coordinates_byte_equal": true, "all_lifetimes_byte_equal": true}
{"decision_batches": 200, "aircraft_forecasts_checked": 1798, "all_forecast_coordinates_byte_equal": true, "all_lifetimes_byte_equal": true}
{"decision_batches": 300, "aircraft_forecasts_checked": 2427, "all_forecast_coordinates_byte_equal": true, "all_lifetimes_byte_equal": true}
{"decision_batches": 400, "aircraft_forecasts_checked": 3389, "all_forecast_coordinates_byte_equal": true, "all_lifetimes_byte_equal": true}
{"decision_batches": 500, "aircraft_forecasts_checked": 3984, "all_forecast_coordinates_byte_equal": true, "all_lifetimes_byte_equal": true}
{
  "env": "ma",
  "seed": 2026,
  "episodes": 2,
  "model_sha256": "961f525f11bec7a0f417933d209230ca99c5b4b8c00d883233a006b8ee38c4bb",
  "extracted_source_used": true,
  "source_directory": "C:\\Users\\Shricharan\\VSCodeProjects\\airtrafficcontrol\\bluesky-gym\\runs\\forecast-batch-v1\\replay-ma-retry2\\candidate\\source",
  "all_metrics_match": true,
  "metric_max_absolute_difference": {
    "waypoint_reached": 0.0,
    "flight_time": 0.0,
    "intrusion_events": 0.0,
    "intrusion_time": 0.0,
    "restricted_area_events": 0.0,
    "time_in_restricted_area": 0.0,
    "sector_exit_events": 0.0,
    "time_outside_sector": 0.0,
    "total_reward": 0.0
  },
  "dependency_environment": "Existing interpreter; dependencies were not reinstalled by this check"
}
