Looking in links: /mnt/c/Users/Shricharan/VSCodeProjects/airtrafficcontrol/bluesky-gym/runs/linux-runtime-v1/wheelhouse-v2
Processing ./runs/linux-runtime-v1/wheelhouse-v2/torch-2.14.0+cpu-cp312-cp312-manylinux_2_28_x86_64.whl (from -r /mnt/c/Users/Shricharan/VSCodeProjects/airtrafficcontrol/bluesky-gym/runs/linux-runtime-v1/requirements-offline.txt (line 1))
Processing ./runs/linux-runtime-v1/wheelhouse-v2/bluesky_simulator-1.1.1-cp312-cp312-manylinux_2_12_x86_64.manylinux2010_x86_64.manylinux_2_17_x86_64.manylinux2014_x86_64.whl (from -r /mnt/c/Users/Shricharan/VSCodeProjects/airtrafficcontrol/bluesky-gym/runs/linux-runtime-v1/requirements-offline.txt (line 2))
Processing ./runs/linux-runtime-v1/wheelhouse-v2/gymnasium-1.3.0-py3-none-any.whl (from -r /mnt/c/Users/Shricharan/VSCodeProjects/airtrafficcontrol/bluesky-gym/runs/linux-runtime-v1/requirements-offline.txt (line 3))
Processing ./runs/linux-runtime-v1/wheelhouse-v2/numpy-2.3.5-cp312-cp312-manylinux_2_27_x86_64.manylinux_2_28_x86_64.whl (from -r /mnt/c/Users/Shricharan/VSCodeProjects/airtrafficcontrol/bluesky-gym/runs/linux-runtime-v1/requirements-offline.txt (line 4))
Processing ./runs/linux-runtime-v1/wheelhouse-v2/pettingzoo-1.27.0-py3-none-any.whl (from -r /mnt/c/Users/Shricharan/VSCodeProjects/airtrafficcontrol/bluesky-gym/runs/linux-runtime-v1/requirements-offline.txt (line 5))
Processing ./runs/linux-runtime-v1/wheelhouse-v2/pygame-2.6.1-cp312-cp312-manylinux_2_17_x86_64.manylinux2014_x86_64.whl (from -r /mnt/c/Users/Shricharan/VSCodeProjects/airtrafficcontrol/bluesky-gym/runs/linux-runtime-v1/requirements-offline.txt (line 6))
Processing ./runs/linux-runtime-v1/wheelhouse-v2/pyqt6-6.11.0-cp310-abi3-manylinux_2_34_x86_64.whl (from -r /mnt/c/Users/Shricharan/VSCodeProjects/airtrafficcontrol/bluesky-gym/runs/linux-runtime-v1/requirements-offline.txt (line 7))
Processing ./runs/linux-runtime-v1/wheelhouse-v2/shapely-2.1.2-cp312-cp312-manylinux2014_x86_64.manylinux_2_17_x86_64.whl (from -r /mnt/c/Users/Shricharan/VSCodeProjects/airtrafficcontrol/bluesky-gym/runs/linux-runtime-v1/requirements-offline.txt (line 8))
Processing ./runs/linux-runtime-v1/wheelhouse-v2/supersuit-3.11.0-py3-none-any.whl (from -r /mnt/c/Users/Shricharan/VSCodeProjects/airtrafficcontrol/bluesky-gym/runs/linux-runtime-v1/requirements-offline.txt (line 9))
Processing ./runs/linux-runtime-v1/wheelhouse-v2/stable_baselines3-2.9.0-py3-none-any.whl (from -r /mnt/c/Users/Shricharan/VSCodeProjects/airtrafficcontrol/bluesky-gym/runs/linux-runtime-v1/requirements-offline.txt (line 10))
Processing ./runs/linux-runtime-v1/wheelhouse-v2/filelock-3.32.6-py3-none-any.whl (from torch==2.14.0+cpu->-r /mnt/c/Users/Shricharan/VSCodeProjects/airtrafficcontrol/bluesky-gym/runs/linux-runtime-v1/requirements-offline.txt (line 1))
Processing ./runs/linux-runtime-v1/wheelhouse-v2/typing_extensions-4.16.0-py3-none-any.whl (from torch==2.14.0+cpu->-r /mnt/c/Users/Shricharan/VSCodeProjects/airtrafficcontrol/bluesky-gym/runs/linux-runtime-v1/requirements-offline.txt (line 1))
Processing ./runs/linux-runtime-v1/wheelhouse-v2/setuptools-84.0.0-py3-none-any.whl (from torch==2.14.0+cpu->-r /mnt/c/Users/Shricharan/VSCodeProjects/airtrafficcontrol/bluesky-gym/runs/linux-runtime-v1/requirements-offline.txt (line 1))
Processing ./runs/linux-runtime-v1/wheelhouse-v2/sympy-1.14.0-py3-none-any.whl (from torch==2.14.0+cpu->-r /mnt/c/Users/Shricharan/VSCodeProjects/airtrafficcontrol/bluesky-gym/runs/linux-runtime-v1/requirements-offline.txt (line 1))
Processing ./runs/linux-runtime-v1/wheelhouse-v2/networkx-3.6.1-py3-none-any.whl (from torch==2.14.0+cpu->-r /mnt/c/Users/Shricharan/VSCodeProjects/airtrafficcontrol/bluesky-gym/runs/linux-runtime-v1/requirements-offline.txt (line 1))
Processing ./runs/linux-runtime-v1/wheelhouse-v2/jinja2-3.1.6-py3-none-any.whl (from torch==2.14.0+cpu->-r /mnt/c/Users/Shricharan/VSCodeProjects/airtrafficcontrol/bluesky-gym/runs/linux-runtime-v1/requirements-offline.txt (line 1))
Processing ./runs/linux-runtime-v1/wheelhouse-v2/fsspec-2026.7.0-py3-none-any.whl (from torch==2.14.0+cpu->-r /mnt/c/Users/Shricharan/VSCodeProjects/airtrafficcontrol/bluesky-gym/runs/linux-runtime-v1/requirements-offline.txt (line 1))
Processing ./runs/linux-runtime-v1/wheelhouse-v2/bluesky_navdata-1.0.0-py3-none-any.whl (from bluesky-simulator->-r /mnt/c/Users/Shricharan/VSCodeProjects/airtrafficcontrol/bluesky-gym/runs/linux-runtime-v1/requirements-offline.txt (line 2))
Processing ./runs/linux-runtime-v1/wheelhouse-v2/matplotlib-3.11.2-cp312-cp312-manylinux2014_x86_64.manylinux_2_17_x86_64.whl (from bluesky-simulator->-r /mnt/c/Users/Shricharan/VSCodeProjects/airtrafficcontrol/bluesky-gym/runs/linux-runtime-v1/requirements-offline.txt (line 2))
Processing ./runs/linux-runtime-v1/wheelhouse-v2/msgpack-1.2.2-cp312-cp312-manylinux2014_x86_64.manylinux_2_17_x86_64.manylinux_2_28_x86_64.whl (from bluesky-simulator->-r /mnt/c/Users/Shricharan/VSCodeProjects/airtrafficcontrol/bluesky-gym/runs/linux-runtime-v1/requirements-offline.txt (line 2))
Processing ./runs/linux-runtime-v1/wheelhouse-v2/openap-2.6.1-py3-none-any.whl (from bluesky-simulator->-r /mnt/c/Users/Shricharan/VSCodeProjects/airtrafficcontrol/bluesky-gym/runs/linux-runtime-v1/requirements-offline.txt (line 2))
Processing ./runs/linux-runtime-v1/wheelhouse-v2/pandas-3.0.5-cp312-cp312-manylinux_2_24_x86_64.manylinux_2_28_x86_64.whl (from bluesky-simulator->-r /mnt/c/Users/Shricharan/VSCodeProjects/airtrafficcontrol/bluesky-gym/runs/linux-runtime-v1/requirements-offline.txt (line 2))
Processing ./runs/linux-runtime-v1/wheelhouse-v2/scipy-1.18.1-cp312-cp312-manylinux_2_27_x86_64.manylinux_2_28_x86_64.whl (from bluesky-simulator->-r /mnt/c/Users/Shricharan/VSCodeProjects/airtrafficcontrol/bluesky-gym/runs/linux-runtime-v1/requirements-offline.txt (line 2))
Processing ./runs/linux-runtime-v1/wheelhouse-v2/zmq-0.0.0-py3-none-any.whl (from bluesky-simulator->-r /mnt/c/Users/Shricharan/VSCodeProjects/airtrafficcontrol/bluesky-gym/runs/linux-runtime-v1/requirements-offline.txt (line 2))
Processing ./runs/linux-runtime-v1/wheelhouse-v2/cloudpickle-3.1.2-py3-none-any.whl (from gymnasium->-r /mnt/c/Users/Shricharan/VSCodeProjects/airtrafficcontrol/bluesky-gym/runs/linux-runtime-v1/requirements-offline.txt (line 3))
Processing ./runs/linux-runtime-v1/wheelhouse-v2/farama_notifications-0.0.6-py3-none-any.whl (from gymnasium->-r /mnt/c/Users/Shricharan/VSCodeProjects/airtrafficcontrol/bluesky-gym/runs/linux-runtime-v1/requirements-offline.txt (line 3))
Processing ./runs/linux-runtime-v1/wheelhouse-v2/pyqt6_sip-13.12.0-cp312-cp312-manylinux1_x86_64.manylinux_2_5_x86_64.whl (from PyQt6->-r /mnt/c/Users/Shricharan/VSCodeProjects/airtrafficcontrol/bluesky-gym/runs/linux-runtime-v1/requirements-offline.txt (line 7))
Processing ./runs/linux-runtime-v1/wheelhouse-v2/pyqt6_qt6-6.11.2-py3-none-manylinux_2_34_x86_64.whl (from PyQt6->-r /mnt/c/Users/Shricharan/VSCodeProjects/airtrafficcontrol/bluesky-gym/runs/linux-runtime-v1/requirements-offline.txt (line 7))
Processing ./runs/linux-runtime-v1/wheelhouse-v2/tinyscaler-1.2.8-cp312-cp312-manylinux_2_17_x86_64.manylinux2014_x86_64.whl (from SuperSuit->-r /mnt/c/Users/Shricharan/VSCodeProjects/airtrafficcontrol/bluesky-gym/runs/linux-runtime-v1/requirements-offline.txt (line 9))
Processing ./runs/linux-runtime-v1/wheelhouse-v2/mpmath-1.3.0-py3-none-any.whl (from sympy>=1.13.3->torch==2.14.0+cpu->-r /mnt/c/Users/Shricharan/VSCodeProjects/airtrafficcontrol/bluesky-gym/runs/linux-runtime-v1/requirements-offline.txt (line 1))
Processing ./runs/linux-runtime-v1/wheelhouse-v2/markupsafe-3.0.3-cp312-cp312-manylinux2014_x86_64.manylinux_2_17_x86_64.manylinux_2_28_x86_64.whl (from jinja2->torch==2.14.0+cpu->-r /mnt/c/Users/Shricharan/VSCodeProjects/airtrafficcontrol/bluesky-gym/runs/linux-runtime-v1/requirements-offline.txt (line 1))
Processing ./runs/linux-runtime-v1/wheelhouse-v2/contourpy-1.4.0-cp312-cp312-manylinux_2_27_x86_64.manylinux_2_28_x86_64.whl (from matplotlib->bluesky-simulator->-r /mnt/c/Users/Shricharan/VSCodeProjects/airtrafficcontrol/bluesky-gym/runs/linux-runtime-v1/requirements-offline.txt (line 2))
Processing ./runs/linux-runtime-v1/wheelhouse-v2/cycler-0.12.1-py3-none-any.whl (from matplotlib->bluesky-simulator->-r /mnt/c/Users/Shricharan/VSCodeProjects/airtrafficcontrol/bluesky-gym/runs/linux-runtime-v1/requirements-offline.txt (line 2))
Processing ./runs/linux-runtime-v1/wheelhouse-v2/fonttools-4.65.0-cp312-cp312-manylinux2014_x86_64.manylinux_2_17_x86_64.whl (from matplotlib->bluesky-simulator->-r /mnt/c/Users/Shricharan/VSCodeProjects/airtrafficcontrol/bluesky-gym/runs/linux-runtime-v1/requirements-offline.txt (line 2))
Processing ./runs/linux-runtime-v1/wheelhouse-v2/kiwisolver-1.5.1-cp312-cp312-manylinux2014_x86_64.manylinux_2_17_x86_64.whl (from matplotlib->bluesky-simulator->-r /mnt/c/Users/Shricharan/VSCodeProjects/airtrafficcontrol/bluesky-gym/runs/linux-runtime-v1/requirements-offline.txt (line 2))
Processing ./runs/linux-runtime-v1/wheelhouse-v2/packaging-26.3-py3-none-any.whl (from matplotlib->bluesky-simulator->-r /mnt/c/Users/Shricharan/VSCodeProjects/airtrafficcontrol/bluesky-gym/runs/linux-runtime-v1/requirements-offline.txt (line 2))
Processing ./runs/linux-runtime-v1/wheelhouse-v2/pillow-12.3.0-cp312-cp312-manylinux_2_27_x86_64.manylinux_2_28_x86_64.whl (from matplotlib->bluesky-simulator->-r /mnt/c/Users/Shricharan/VSCodeProjects/airtrafficcontrol/bluesky-gym/runs/linux-runtime-v1/requirements-offline.txt (line 2))
Processing ./runs/linux-runtime-v1/wheelhouse-v2/pyparsing-3.3.2-py3-none-any.whl (from matplotlib->bluesky-simulator->-r /mnt/c/Users/Shricharan/VSCodeProjects/airtrafficcontrol/bluesky-gym/runs/linux-runtime-v1/requirements-offline.txt (line 2))
Processing ./runs/linux-runtime-v1/wheelhouse-v2/python_dateutil-2.9.0.post0-py2.py3-none-any.whl (from matplotlib->bluesky-simulator->-r /mnt/c/Users/Shricharan/VSCodeProjects/airtrafficcontrol/bluesky-gym/runs/linux-runtime-v1/requirements-offline.txt (line 2))
Processing ./runs/linux-runtime-v1/wheelhouse-v2/pyyaml-6.0.3-cp312-cp312-manylinux2014_x86_64.manylinux_2_17_x86_64.manylinux_2_28_x86_64.whl (from openap->bluesky-simulator->-r /mnt/c/Users/Shricharan/VSCodeProjects/airtrafficcontrol/bluesky-gym/runs/linux-runtime-v1/requirements-offline.txt (line 2))
Processing ./runs/linux-runtime-v1/wheelhouse-v2/pyzmq-27.2.0-cp312-abi3-manylinux_2_26_x86_64.manylinux_2_28_x86_64.whl (from zmq->bluesky-simulator->-r /mnt/c/Users/Shricharan/VSCodeProjects/airtrafficcontrol/bluesky-gym/runs/linux-runtime-v1/requirements-offline.txt (line 2))
Processing ./runs/linux-runtime-v1/wheelhouse-v2/six-1.17.0-py2.py3-none-any.whl (from python-dateutil>=2.7->matplotlib->bluesky-simulator->-r /mnt/c/Users/Shricharan/VSCodeProjects/airtrafficcontrol/bluesky-gym/runs/linux-runtime-v1/requirements-offline.txt (line 2))
Installing collected packages: PyQt6-Qt6, mpmath, farama-notifications, typing-extensions, sympy, six, setuptools, pyzmq, pyyaml, PyQt6-sip, pyparsing, pygame, pillow, packaging, numpy, networkx, msgpack, MarkupSafe, kiwisolver, fsspec, fonttools, filelock, cycler, cloudpickle, bluesky-navdata, zmq, tinyscaler, shapely, scipy, python-dateutil, PyQt6, jinja2, gymnasium, contourpy, torch, SuperSuit, pettingzoo, pandas, matplotlib, stable-baselines3, openap, bluesky-simulator
ERROR: Operation cancelled by user
