Looking in links: c:\Users\Shricharan\VSCodeProjects\airtrafficcontrol\bluesky-gym\runs\linux-runtime-v1\zmq-build
Collecting torch@ https://download-r2.pytorch.org/whl/cpu/torch-2.14.0%2Bcpu-cp312-cp312-manylinux_2_28_x86_64.whl#sha256=a09987c95ec4cffdb6df798d3d641558110a334cfccce22f2f046d83142bc260 (from -r C:\Users\Shricharan\VSCodeProjects\airtrafficcontrol\bluesky-gym\runs\linux-runtime-v1\requirements-linux.txt (line 1))
  Downloading https://download-r2.pytorch.org/whl/cpu/torch-2.14.0%2Bcpu-cp312-cp312-manylinux_2_28_x86_64.whl (196.3 MB)
Collecting bluesky-simulator (from -r C:\Users\Shricharan\VSCodeProjects\airtrafficcontrol\bluesky-gym\runs\linux-runtime-v1\requirements-linux.txt (line 2))
  Downloading bluesky_simulator-1.1.1-cp312-cp312-manylinux_2_12_x86_64.manylinux2010_x86_64.manylinux_2_17_x86_64.manylinux2014_x86_64.whl.metadata (7.1 kB)
Collecting gymnasium (from -r C:\Users\Shricharan\VSCodeProjects\airtrafficcontrol\bluesky-gym\runs\linux-runtime-v1\requirements-linux.txt (line 3))
  Downloading gymnasium-1.3.0-py3-none-any.whl.metadata (10 kB)
Collecting numpy (from -r C:\Users\Shricharan\VSCodeProjects\airtrafficcontrol\bluesky-gym\runs\linux-runtime-v1\requirements-linux.txt (line 4))
  Downloading numpy-2.3.5-cp312-cp312-manylinux_2_27_x86_64.manylinux_2_28_x86_64.whl.metadata (62 kB)
Collecting pettingzoo (from -r C:\Users\Shricharan\VSCodeProjects\airtrafficcontrol\bluesky-gym\runs\linux-runtime-v1\requirements-linux.txt (line 5))
  Downloading pettingzoo-1.27.0-py3-none-any.whl.metadata (8.6 kB)
Collecting pygame (from -r C:\Users\Shricharan\VSCodeProjects\airtrafficcontrol\bluesky-gym\runs\linux-runtime-v1\requirements-linux.txt (line 6))
  Downloading pygame-2.6.1-cp312-cp312-manylinux_2_17_x86_64.manylinux2014_x86_64.whl.metadata (12 kB)
Collecting PyQt6 (from -r C:\Users\Shricharan\VSCodeProjects\airtrafficcontrol\bluesky-gym\runs\linux-runtime-v1\requirements-linux.txt (line 7))
  Downloading pyqt6-6.11.0-cp310-abi3-manylinux_2_34_x86_64.whl.metadata (2.1 kB)
Collecting shapely (from -r C:\Users\Shricharan\VSCodeProjects\airtrafficcontrol\bluesky-gym\runs\linux-runtime-v1\requirements-linux.txt (line 8))
  Downloading shapely-2.1.2-cp312-cp312-manylinux2014_x86_64.manylinux_2_17_x86_64.whl.metadata (6.8 kB)
Collecting SuperSuit (from -r C:\Users\Shricharan\VSCodeProjects\airtrafficcontrol\bluesky-gym\runs\linux-runtime-v1\requirements-linux.txt (line 9))
  Downloading supersuit-3.11.0-py3-none-any.whl.metadata (4.2 kB)
Collecting stable-baselines3 (from -r C:\Users\Shricharan\VSCodeProjects\airtrafficcontrol\bluesky-gym\runs\linux-runtime-v1\requirements-linux.txt (line 10))
  Downloading stable_baselines3-2.9.0-py3-none-any.whl.metadata (5.0 kB)
Collecting filelock (from torch@ https://download-r2.pytorch.org/whl/cpu/torch-2.14.0%2Bcpu-cp312-cp312-manylinux_2_28_x86_64.whl#sha256=a09987c95ec4cffdb6df798d3d641558110a334cfccce22f2f046d83142bc260->-r C:\Users\Shricharan\VSCodeProjects\airtrafficcontrol\bluesky-gym\runs\linux-runtime-v1\requirements-linux.txt (line 1))
  Downloading filelock-3.32.6-py3-none-any.whl.metadata (2.0 kB)
Collecting typing-extensions>=4.10.0 (from torch@ https://download-r2.pytorch.org/whl/cpu/torch-2.14.0%2Bcpu-cp312-cp312-manylinux_2_28_x86_64.whl#sha256=a09987c95ec4cffdb6df798d3d641558110a334cfccce22f2f046d83142bc260->-r C:\Users\Shricharan\VSCodeProjects\airtrafficcontrol\bluesky-gym\runs\linux-runtime-v1\requirements-linux.txt (line 1))
  Downloading typing_extensions-4.16.0-py3-none-any.whl.metadata (3.3 kB)
Collecting setuptools>=77.0.3 (from torch@ https://download-r2.pytorch.org/whl/cpu/torch-2.14.0%2Bcpu-cp312-cp312-manylinux_2_28_x86_64.whl#sha256=a09987c95ec4cffdb6df798d3d641558110a334cfccce22f2f046d83142bc260->-r C:\Users\Shricharan\VSCodeProjects\airtrafficcontrol\bluesky-gym\runs\linux-runtime-v1\requirements-linux.txt (line 1))
  Downloading setuptools-84.0.0-py3-none-any.whl.metadata (6.6 kB)
Collecting sympy>=1.13.3 (from torch@ https://download-r2.pytorch.org/whl/cpu/torch-2.14.0%2Bcpu-cp312-cp312-manylinux_2_28_x86_64.whl#sha256=a09987c95ec4cffdb6df798d3d641558110a334cfccce22f2f046d83142bc260->-r C:\Users\Shricharan\VSCodeProjects\airtrafficcontrol\bluesky-gym\runs\linux-runtime-v1\requirements-linux.txt (line 1))
  Downloading sympy-1.14.0-py3-none-any.whl.metadata (12 kB)
Collecting networkx>=2.5.1 (from torch@ https://download-r2.pytorch.org/whl/cpu/torch-2.14.0%2Bcpu-cp312-cp312-manylinux_2_28_x86_64.whl#sha256=a09987c95ec4cffdb6df798d3d641558110a334cfccce22f2f046d83142bc260->-r C:\Users\Shricharan\VSCodeProjects\airtrafficcontrol\bluesky-gym\runs\linux-runtime-v1\requirements-linux.txt (line 1))
  Downloading networkx-3.6.1-py3-none-any.whl.metadata (6.8 kB)
Collecting jinja2 (from torch@ https://download-r2.pytorch.org/whl/cpu/torch-2.14.0%2Bcpu-cp312-cp312-manylinux_2_28_x86_64.whl#sha256=a09987c95ec4cffdb6df798d3d641558110a334cfccce22f2f046d83142bc260->-r C:\Users\Shricharan\VSCodeProjects\airtrafficcontrol\bluesky-gym\runs\linux-runtime-v1\requirements-linux.txt (line 1))
  Downloading jinja2-3.1.6-py3-none-any.whl.metadata (2.9 kB)
Collecting fsspec>=0.8.5 (from torch@ https://download-r2.pytorch.org/whl/cpu/torch-2.14.0%2Bcpu-cp312-cp312-manylinux_2_28_x86_64.whl#sha256=a09987c95ec4cffdb6df798d3d641558110a334cfccce22f2f046d83142bc260->-r C:\Users\Shricharan\VSCodeProjects\airtrafficcontrol\bluesky-gym\runs\linux-runtime-v1\requirements-linux.txt (line 1))
  Downloading fsspec-2026.7.0-py3-none-any.whl.metadata (10 kB)
Collecting bluesky-navdata (from bluesky-simulator->-r C:\Users\Shricharan\VSCodeProjects\airtrafficcontrol\bluesky-gym\runs\linux-runtime-v1\requirements-linux.txt (line 2))
  Downloading bluesky_navdata-1.0.0-py3-none-any.whl.metadata (2.1 kB)
Collecting matplotlib (from bluesky-simulator->-r C:\Users\Shricharan\VSCodeProjects\airtrafficcontrol\bluesky-gym\runs\linux-runtime-v1\requirements-linux.txt (line 2))
  Downloading matplotlib-3.11.2-cp312-cp312-manylinux2014_x86_64.manylinux_2_17_x86_64.whl.metadata (80 kB)
Collecting msgpack>=1.0.0 (from bluesky-simulator->-r C:\Users\Shricharan\VSCodeProjects\airtrafficcontrol\bluesky-gym\runs\linux-runtime-v1\requirements-linux.txt (line 2))
  Downloading msgpack-1.2.2-cp312-cp312-manylinux2014_x86_64.manylinux_2_17_x86_64.manylinux_2_28_x86_64.whl.metadata (8.3 kB)
Collecting openap (from bluesky-simulator->-r C:\Users\Shricharan\VSCodeProjects\airtrafficcontrol\bluesky-gym\runs\linux-runtime-v1\requirements-linux.txt (line 2))
  Downloading openap-2.6.1-py3-none-any.whl.metadata (6.2 kB)
Collecting pandas (from bluesky-simulator->-r C:\Users\Shricharan\VSCodeProjects\airtrafficcontrol\bluesky-gym\runs\linux-runtime-v1\requirements-linux.txt (line 2))
  Downloading pandas-3.0.5-cp312-cp312-manylinux_2_24_x86_64.manylinux_2_28_x86_64.whl.metadata (79 kB)
Collecting scipy (from bluesky-simulator->-r C:\Users\Shricharan\VSCodeProjects\airtrafficcontrol\bluesky-gym\runs\linux-runtime-v1\requirements-linux.txt (line 2))
  Downloading scipy-1.18.1-cp312-cp312-manylinux_2_27_x86_64.manylinux_2_28_x86_64.whl.metadata (62 kB)
Processing c:\users\shricharan\vscodeprojects\airtrafficcontrol\bluesky-gym\runs\linux-runtime-v1\zmq-build\zmq-0.0.0-py3-none-any.whl (from bluesky-simulator->-r C:\Users\Shricharan\VSCodeProjects\airtrafficcontrol\bluesky-gym\runs\linux-runtime-v1\requirements-linux.txt (line 2))
Collecting cloudpickle>=1.2.0 (from gymnasium->-r C:\Users\Shricharan\VSCodeProjects\airtrafficcontrol\bluesky-gym\runs\linux-runtime-v1\requirements-linux.txt (line 3))
  Downloading cloudpickle-3.1.2-py3-none-any.whl.metadata (7.1 kB)
Collecting farama-notifications>=0.0.1 (from gymnasium->-r C:\Users\Shricharan\VSCodeProjects\airtrafficcontrol\bluesky-gym\runs\linux-runtime-v1\requirements-linux.txt (line 3))
  Downloading farama_notifications-0.0.6-py3-none-any.whl.metadata (729 bytes)
Collecting PyQt6-sip<14,>=13.8 (from PyQt6->-r C:\Users\Shricharan\VSCodeProjects\airtrafficcontrol\bluesky-gym\runs\linux-runtime-v1\requirements-linux.txt (line 7))
  Downloading pyqt6_sip-13.12.0-cp312-cp312-manylinux1_x86_64.manylinux_2_5_x86_64.whl.metadata (495 bytes)
Collecting PyQt6-Qt6<6.12.0,>=6.11.0 (from PyQt6->-r C:\Users\Shricharan\VSCodeProjects\airtrafficcontrol\bluesky-gym\runs\linux-runtime-v1\requirements-linux.txt (line 7))
  Downloading pyqt6_qt6-6.11.2-py3-none-manylinux_2_34_x86_64.whl.metadata (535 bytes)
Collecting tinyscaler>=1.2.6 (from SuperSuit->-r C:\Users\Shricharan\VSCodeProjects\airtrafficcontrol\bluesky-gym\runs\linux-runtime-v1\requirements-linux.txt (line 9))
  Downloading tinyscaler-1.2.8-cp312-cp312-manylinux_2_17_x86_64.manylinux2014_x86_64.whl.metadata (4.2 kB)
Collecting mpmath<1.4,>=1.1.0 (from sympy>=1.13.3->torch@ https://download-r2.pytorch.org/whl/cpu/torch-2.14.0%2Bcpu-cp312-cp312-manylinux_2_28_x86_64.whl#sha256=a09987c95ec4cffdb6df798d3d641558110a334cfccce22f2f046d83142bc260->-r C:\Users\Shricharan\VSCodeProjects\airtrafficcontrol\bluesky-gym\runs\linux-runtime-v1\requirements-linux.txt (line 1))
  Downloading mpmath-1.3.0-py3-none-any.whl.metadata (8.6 kB)
Collecting MarkupSafe>=2.0 (from jinja2->torch@ https://download-r2.pytorch.org/whl/cpu/torch-2.14.0%2Bcpu-cp312-cp312-manylinux_2_28_x86_64.whl#sha256=a09987c95ec4cffdb6df798d3d641558110a334cfccce22f2f046d83142bc260->-r C:\Users\Shricharan\VSCodeProjects\airtrafficcontrol\bluesky-gym\runs\linux-runtime-v1\requirements-linux.txt (line 1))
  Downloading markupsafe-3.0.3-cp312-cp312-manylinux2014_x86_64.manylinux_2_17_x86_64.manylinux_2_28_x86_64.whl.metadata (2.7 kB)
Collecting contourpy>=1.0.1 (from matplotlib->bluesky-simulator->-r C:\Users\Shricharan\VSCodeProjects\airtrafficcontrol\bluesky-gym\runs\linux-runtime-v1\requirements-linux.txt (line 2))
  Downloading contourpy-1.4.0-cp312-cp312-manylinux_2_27_x86_64.manylinux_2_28_x86_64.whl.metadata (3.8 kB)
Collecting cycler>=0.10 (from matplotlib->bluesky-simulator->-r C:\Users\Shricharan\VSCodeProjects\airtrafficcontrol\bluesky-gym\runs\linux-runtime-v1\requirements-linux.txt (line 2))
  Downloading cycler-0.12.1-py3-none-any.whl.metadata (3.8 kB)
Collecting fonttools>=4.28.2 (from matplotlib->bluesky-simulator->-r C:\Users\Shricharan\VSCodeProjects\airtrafficcontrol\bluesky-gym\runs\linux-runtime-v1\requirements-linux.txt (line 2))
  Downloading fonttools-4.65.0-cp312-cp312-manylinux2014_x86_64.manylinux_2_17_x86_64.whl.metadata (125 kB)
Collecting kiwisolver>=1.3.1 (from matplotlib->bluesky-simulator->-r C:\Users\Shricharan\VSCodeProjects\airtrafficcontrol\bluesky-gym\runs\linux-runtime-v1\requirements-linux.txt (line 2))
  Downloading kiwisolver-1.5.1-cp312-cp312-manylinux2014_x86_64.manylinux_2_17_x86_64.whl.metadata (5.2 kB)
Collecting packaging>=20.0 (from matplotlib->bluesky-simulator->-r C:\Users\Shricharan\VSCodeProjects\airtrafficcontrol\bluesky-gym\runs\linux-runtime-v1\requirements-linux.txt (line 2))
  Downloading packaging-26.3-py3-none-any.whl.metadata (3.5 kB)
Collecting pillow>=9 (from matplotlib->bluesky-simulator->-r C:\Users\Shricharan\VSCodeProjects\airtrafficcontrol\bluesky-gym\runs\linux-runtime-v1\requirements-linux.txt (line 2))
  Downloading pillow-12.3.0-cp312-cp312-manylinux_2_27_x86_64.manylinux_2_28_x86_64.whl.metadata (9.1 kB)
Collecting pyparsing>=3 (from matplotlib->bluesky-simulator->-r C:\Users\Shricharan\VSCodeProjects\airtrafficcontrol\bluesky-gym\runs\linux-runtime-v1\requirements-linux.txt (line 2))
  Downloading pyparsing-3.3.2-py3-none-any.whl.metadata (5.8 kB)
Collecting python-dateutil>=2.7 (from matplotlib->bluesky-simulator->-r C:\Users\Shricharan\VSCodeProjects\airtrafficcontrol\bluesky-gym\runs\linux-runtime-v1\requirements-linux.txt (line 2))
  Downloading python_dateutil-2.9.0.post0-py2.py3-none-any.whl.metadata (8.4 kB)
Collecting pyyaml>=6.0 (from openap->bluesky-simulator->-r C:\Users\Shricharan\VSCodeProjects\airtrafficcontrol\bluesky-gym\runs\linux-runtime-v1\requirements-linux.txt (line 2))
  Downloading pyyaml-6.0.3-cp312-cp312-manylinux2014_x86_64.manylinux_2_17_x86_64.manylinux_2_28_x86_64.whl.metadata (2.4 kB)
Collecting tzdata (from pandas->bluesky-simulator->-r C:\Users\Shricharan\VSCodeProjects\airtrafficcontrol\bluesky-gym\runs\linux-runtime-v1\requirements-linux.txt (line 2))
  Downloading tzdata-2026.4-py2.py3-none-any.whl.metadata (1.4 kB)
Collecting pyzmq (from zmq->bluesky-simulator->-r C:\Users\Shricharan\VSCodeProjects\airtrafficcontrol\bluesky-gym\runs\linux-runtime-v1\requirements-linux.txt (line 2))
  Downloading pyzmq-27.2.0-cp312-abi3-manylinux_2_26_x86_64.manylinux_2_28_x86_64.whl.metadata (3.8 kB)
Collecting six>=1.5 (from python-dateutil>=2.7->matplotlib->bluesky-simulator->-r C:\Users\Shricharan\VSCodeProjects\airtrafficcontrol\bluesky-gym\runs\linux-runtime-v1\requirements-linux.txt (line 2))
  Downloading six-1.17.0-py2.py3-none-any.whl.metadata (1.7 kB)
Downloading bluesky_simulator-1.1.1-cp312-cp312-manylinux_2_12_x86_64.manylinux2010_x86_64.manylinux_2_17_x86_64.manylinux2014_x86_64.whl (672 kB)
Downloading gymnasium-1.3.0-py3-none-any.whl (953 kB)
Downloading numpy-2.3.5-cp312-cp312-manylinux_2_27_x86_64.manylinux_2_28_x86_64.whl (16.6 MB)
Downloading pettingzoo-1.27.0-py3-none-any.whl (668 kB)
Downloading pygame-2.6.1-cp312-cp312-manylinux_2_17_x86_64.manylinux2014_x86_64.whl (14.0 MB)
Downloading pyqt6-6.11.0-cp310-abi3-manylinux_2_34_x86_64.whl (8.3 MB)
Downloading shapely-2.1.2-cp312-cp312-manylinux2014_x86_64.manylinux_2_17_x86_64.whl (3.1 MB)
Downloading supersuit-3.11.0-py3-none-any.whl (50 kB)
Downloading stable_baselines3-2.9.0-py3-none-any.whl (187 kB)
Downloading cloudpickle-3.1.2-py3-none-any.whl (22 kB)
Downloading farama_notifications-0.0.6-py3-none-any.whl (2.9 kB)
Downloading fsspec-2026.7.0-py3-none-any.whl (206 kB)
Downloading msgpack-1.2.2-cp312-cp312-manylinux2014_x86_64.manylinux_2_17_x86_64.manylinux_2_28_x86_64.whl (420 kB)
Downloading networkx-3.6.1-py3-none-any.whl (2.1 MB)
Downloading pyqt6_qt6-6.11.2-py3-none-manylinux_2_34_x86_64.whl (86.0 MB)
Downloading pyqt6_sip-13.12.0-cp312-cp312-manylinux1_x86_64.manylinux_2_5_x86_64.whl (299 kB)
Downloading setuptools-84.0.0-py3-none-any.whl (818 kB)
Downloading sympy-1.14.0-py3-none-any.whl (6.3 MB)
Downloading tinyscaler-1.2.8-cp312-cp312-manylinux_2_17_x86_64.manylinux2014_x86_64.whl (563 kB)
Downloading typing_extensions-4.16.0-py3-none-any.whl (45 kB)
Downloading bluesky_navdata-1.0.0-py3-none-any.whl (34.1 MB)
Downloading filelock-3.32.6-py3-none-any.whl (100 kB)
Downloading jinja2-3.1.6-py3-none-any.whl (134 kB)
Downloading matplotlib-3.11.2-cp312-cp312-manylinux2014_x86_64.manylinux_2_17_x86_64.whl (9.9 MB)
Downloading openap-2.6.1-py3-none-any.whl (2.7 MB)
Downloading pandas-3.0.5-cp312-cp312-manylinux_2_24_x86_64.manylinux_2_28_x86_64.whl (11.0 MB)
Downloading scipy-1.18.1-cp312-cp312-manylinux_2_27_x86_64.manylinux_2_28_x86_64.whl (35.3 MB)
Downloading contourpy-1.4.0-cp312-cp312-manylinux_2_27_x86_64.manylinux_2_28_x86_64.whl (383 kB)
Downloading cycler-0.12.1-py3-none-any.whl (8.3 kB)
Downloading fonttools-4.65.0-cp312-cp312-manylinux2014_x86_64.manylinux_2_17_x86_64.whl (5.4 MB)
Downloading kiwisolver-1.5.1-cp312-cp312-manylinux2014_x86_64.manylinux_2_17_x86_64.whl (1.5 MB)
Downloading markupsafe-3.0.3-cp312-cp312-manylinux2014_x86_64.manylinux_2_17_x86_64.manylinux_2_28_x86_64.whl (22 kB)
Downloading mpmath-1.3.0-py3-none-any.whl (536 kB)
Downloading packaging-26.3-py3-none-any.whl (129 kB)
Downloading pillow-12.3.0-cp312-cp312-manylinux_2_27_x86_64.manylinux_2_28_x86_64.whl (6.9 MB)
Downloading pyparsing-3.3.2-py3-none-any.whl (122 kB)
Downloading python_dateutil-2.9.0.post0-py2.py3-none-any.whl (229 kB)
Downloading pyyaml-6.0.3-cp312-cp312-manylinux2014_x86_64.manylinux_2_17_x86_64.manylinux_2_28_x86_64.whl (807 kB)
Downloading pyzmq-27.2.0-cp312-abi3-manylinux_2_26_x86_64.manylinux_2_28_x86_64.whl (872 kB)
Downloading tzdata-2026.4-py2.py3-none-any.whl (347 kB)
Downloading six-1.17.0-py2.py3-none-any.whl (11 kB)
Saved c:\users\shricharan\vscodeprojects\airtrafficcontrol\bluesky-gym\runs\linux-runtime-v1\wheelhouse-v2\torch-2.14.0+cpu-cp312-cp312-manylinux_2_28_x86_64.whl
Saved c:\users\shricharan\vscodeprojects\airtrafficcontrol\bluesky-gym\runs\linux-runtime-v1\wheelhouse-v2\bluesky_simulator-1.1.1-cp312-cp312-manylinux_2_12_x86_64.manylinux2010_x86_64.manylinux_2_17_x86_64.manylinux2014_x86_64.whl
Saved c:\users\shricharan\vscodeprojects\airtrafficcontrol\bluesky-gym\runs\linux-runtime-v1\wheelhouse-v2\gymnasium-1.3.0-py3-none-any.whl
Saved c:\users\shricharan\vscodeprojects\airtrafficcontrol\bluesky-gym\runs\linux-runtime-v1\wheelhouse-v2\numpy-2.3.5-cp312-cp312-manylinux_2_27_x86_64.manylinux_2_28_x86_64.whl
Saved c:\users\shricharan\vscodeprojects\airtrafficcontrol\bluesky-gym\runs\linux-runtime-v1\wheelhouse-v2\pettingzoo-1.27.0-py3-none-any.whl
Saved c:\users\shricharan\vscodeprojects\airtrafficcontrol\bluesky-gym\runs\linux-runtime-v1\wheelhouse-v2\pygame-2.6.1-cp312-cp312-manylinux_2_17_x86_64.manylinux2014_x86_64.whl
Saved c:\users\shricharan\vscodeprojects\airtrafficcontrol\bluesky-gym\runs\linux-runtime-v1\wheelhouse-v2\pyqt6-6.11.0-cp310-abi3-manylinux_2_34_x86_64.whl
Saved c:\users\shricharan\vscodeprojects\airtrafficcontrol\bluesky-gym\runs\linux-runtime-v1\wheelhouse-v2\shapely-2.1.2-cp312-cp312-manylinux2014_x86_64.manylinux_2_17_x86_64.whl
Saved c:\users\shricharan\vscodeprojects\airtrafficcontrol\bluesky-gym\runs\linux-runtime-v1\wheelhouse-v2\supersuit-3.11.0-py3-none-any.whl
Saved c:\users\shricharan\vscodeprojects\airtrafficcontrol\bluesky-gym\runs\linux-runtime-v1\wheelhouse-v2\stable_baselines3-2.9.0-py3-none-any.whl
Saved c:\users\shricharan\vscodeprojects\airtrafficcontrol\bluesky-gym\runs\linux-runtime-v1\wheelhouse-v2\cloudpickle-3.1.2-py3-none-any.whl
Saved c:\users\shricharan\vscodeprojects\airtrafficcontrol\bluesky-gym\runs\linux-runtime-v1\wheelhouse-v2\farama_notifications-0.0.6-py3-none-any.whl
Saved c:\users\shricharan\vscodeprojects\airtrafficcontrol\bluesky-gym\runs\linux-runtime-v1\wheelhouse-v2\fsspec-2026.7.0-py3-none-any.whl
Saved c:\users\shricharan\vscodeprojects\airtrafficcontrol\bluesky-gym\runs\linux-runtime-v1\wheelhouse-v2\msgpack-1.2.2-cp312-cp312-manylinux2014_x86_64.manylinux_2_17_x86_64.manylinux_2_28_x86_64.whl
Saved c:\users\shricharan\vscodeprojects\airtrafficcontrol\bluesky-gym\runs\linux-runtime-v1\wheelhouse-v2\networkx-3.6.1-py3-none-any.whl
Saved c:\users\shricharan\vscodeprojects\airtrafficcontrol\bluesky-gym\runs\linux-runtime-v1\wheelhouse-v2\pyqt6_qt6-6.11.2-py3-none-manylinux_2_34_x86_64.whl
Saved c:\users\shricharan\vscodeprojects\airtrafficcontrol\bluesky-gym\runs\linux-runtime-v1\wheelhouse-v2\pyqt6_sip-13.12.0-cp312-cp312-manylinux1_x86_64.manylinux_2_5_x86_64.whl
Saved c:\users\shricharan\vscodeprojects\airtrafficcontrol\bluesky-gym\runs\linux-runtime-v1\wheelhouse-v2\setuptools-84.0.0-py3-none-any.whl
Saved c:\users\shricharan\vscodeprojects\airtrafficcontrol\bluesky-gym\runs\linux-runtime-v1\wheelhouse-v2\sympy-1.14.0-py3-none-any.whl
Saved c:\users\shricharan\vscodeprojects\airtrafficcontrol\bluesky-gym\runs\linux-runtime-v1\wheelhouse-v2\tinyscaler-1.2.8-cp312-cp312-manylinux_2_17_x86_64.manylinux2014_x86_64.whl
Saved c:\users\shricharan\vscodeprojects\airtrafficcontrol\bluesky-gym\runs\linux-runtime-v1\wheelhouse-v2\typing_extensions-4.16.0-py3-none-any.whl
Saved c:\users\shricharan\vscodeprojects\airtrafficcontrol\bluesky-gym\runs\linux-runtime-v1\wheelhouse-v2\bluesky_navdata-1.0.0-py3-none-any.whl
Saved c:\users\shricharan\vscodeprojects\airtrafficcontrol\bluesky-gym\runs\linux-runtime-v1\wheelhouse-v2\filelock-3.32.6-py3-none-any.whl
Saved c:\users\shricharan\vscodeprojects\airtrafficcontrol\bluesky-gym\runs\linux-runtime-v1\wheelhouse-v2\jinja2-3.1.6-py3-none-any.whl
Saved c:\users\shricharan\vscodeprojects\airtrafficcontrol\bluesky-gym\runs\linux-runtime-v1\wheelhouse-v2\matplotlib-3.11.2-cp312-cp312-manylinux2014_x86_64.manylinux_2_17_x86_64.whl
Saved c:\users\shricharan\vscodeprojects\airtrafficcontrol\bluesky-gym\runs\linux-runtime-v1\wheelhouse-v2\openap-2.6.1-py3-none-any.whl
Saved c:\users\shricharan\vscodeprojects\airtrafficcontrol\bluesky-gym\runs\linux-runtime-v1\wheelhouse-v2\pandas-3.0.5-cp312-cp312-manylinux_2_24_x86_64.manylinux_2_28_x86_64.whl
Saved c:\users\shricharan\vscodeprojects\airtrafficcontrol\bluesky-gym\runs\linux-runtime-v1\wheelhouse-v2\scipy-1.18.1-cp312-cp312-manylinux_2_27_x86_64.manylinux_2_28_x86_64.whl
Saved c:\users\shricharan\vscodeprojects\airtrafficcontrol\bluesky-gym\runs\linux-runtime-v1\wheelhouse-v2\zmq-0.0.0-py3-none-any.whl
Saved c:\users\shricharan\vscodeprojects\airtrafficcontrol\bluesky-gym\runs\linux-runtime-v1\wheelhouse-v2\contourpy-1.4.0-cp312-cp312-manylinux_2_27_x86_64.manylinux_2_28_x86_64.whl
Saved c:\users\shricharan\vscodeprojects\airtrafficcontrol\bluesky-gym\runs\linux-runtime-v1\wheelhouse-v2\cycler-0.12.1-py3-none-any.whl
Saved c:\users\shricharan\vscodeprojects\airtrafficcontrol\bluesky-gym\runs\linux-runtime-v1\wheelhouse-v2\fonttools-4.65.0-cp312-cp312-manylinux2014_x86_64.manylinux_2_17_x86_64.whl
Saved c:\users\shricharan\vscodeprojects\airtrafficcontrol\bluesky-gym\runs\linux-runtime-v1\wheelhouse-v2\kiwisolver-1.5.1-cp312-cp312-manylinux2014_x86_64.manylinux_2_17_x86_64.whl
Saved c:\users\shricharan\vscodeprojects\airtrafficcontrol\bluesky-gym\runs\linux-runtime-v1\wheelhouse-v2\markupsafe-3.0.3-cp312-cp312-manylinux2014_x86_64.manylinux_2_17_x86_64.manylinux_2_28_x86_64.whl
Saved c:\users\shricharan\vscodeprojects\airtrafficcontrol\bluesky-gym\runs\linux-runtime-v1\wheelhouse-v2\mpmath-1.3.0-py3-none-any.whl
Saved c:\users\shricharan\vscodeprojects\airtrafficcontrol\bluesky-gym\runs\linux-runtime-v1\wheelhouse-v2\packaging-26.3-py3-none-any.whl
Saved c:\users\shricharan\vscodeprojects\airtrafficcontrol\bluesky-gym\runs\linux-runtime-v1\wheelhouse-v2\pillow-12.3.0-cp312-cp312-manylinux_2_27_x86_64.manylinux_2_28_x86_64.whl
Saved c:\users\shricharan\vscodeprojects\airtrafficcontrol\bluesky-gym\runs\linux-runtime-v1\wheelhouse-v2\pyparsing-3.3.2-py3-none-any.whl
Saved c:\users\shricharan\vscodeprojects\airtrafficcontrol\bluesky-gym\runs\linux-runtime-v1\wheelhouse-v2\python_dateutil-2.9.0.post0-py2.py3-none-any.whl
Saved c:\users\shricharan\vscodeprojects\airtrafficcontrol\bluesky-gym\runs\linux-runtime-v1\wheelhouse-v2\pyyaml-6.0.3-cp312-cp312-manylinux2014_x86_64.manylinux_2_17_x86_64.manylinux_2_28_x86_64.whl
Saved c:\users\shricharan\vscodeprojects\airtrafficcontrol\bluesky-gym\runs\linux-runtime-v1\wheelhouse-v2\pyzmq-27.2.0-cp312-abi3-manylinux_2_26_x86_64.manylinux_2_28_x86_64.whl
Saved c:\users\shricharan\vscodeprojects\airtrafficcontrol\bluesky-gym\runs\linux-runtime-v1\wheelhouse-v2\tzdata-2026.4-py2.py3-none-any.whl
Saved c:\users\shricharan\vscodeprojects\airtrafficcontrol\bluesky-gym\runs\linux-runtime-v1\wheelhouse-v2\six-1.17.0-py2.py3-none-any.whl
Successfully downloaded torch bluesky-simulator gymnasium numpy pettingzoo pygame PyQt6 shapely SuperSuit stable-baselines3 cloudpickle farama-notifications fsspec msgpack networkx PyQt6-Qt6 PyQt6-sip setuptools sympy tinyscaler typing-extensions bluesky-navdata filelock jinja2 matplotlib openap pandas scipy zmq contourpy cycler fonttools kiwisolver MarkupSafe mpmath packaging pillow pyparsing python-dateutil pyyaml pyzmq tzdata six
