{"verified_files": 156, "upstream_commit": "00930013219af4c17e509c3efc84a8becd0f3546"}
{"verified_files": 156, "upstream_commit": "00930013219af4c17e509c3efc84a8becd0f3546"}
{"stage": "bc.log", "at_utc": "2026-09-17T03:23:27.504867+00:00"}
{"verified_files": 156, "upstream_commit": "00930013219af4c17e509c3efc84a8becd0f3546"}
{"verified_files": 156, "upstream_commit": "00930013219af4c17e509c3efc84a8becd0f3546"}
{"verified_files": 156, "upstream_commit": "00930013219af4c17e509c3efc84a8becd0f3546"}
{"stage": "train.log", "at_utc": "2026-09-17T03:24:10.628345+00:00"}
{"stage": "eval-untrained-prior.log", "at_utc": "2026-09-17T03:24:10.636346+00:00"}
{"verified_files": 156, "upstream_commit": "00930013219af4c17e509c3efc84a8becd0f3546"}
{"verified_files": 156, "upstream_commit": "00930013219af4c17e509c3efc84a8becd0f3546"}
{"verified_files": 156, "upstream_commit": "00930013219af4c17e509c3efc84a8becd0f3546"}
{"stage": "audit.log", "at_utc": "2026-09-17T05:52:03.772702+00:00"}
{"verified_files": 156, "upstream_commit": "00930013219af4c17e509c3efc84a8becd0f3546"}
{"verified_files": 156, "upstream_commit": "00930013219af4c17e509c3efc84a8becd0f3546"}
{"verified_files": 156, "upstream_commit": "00930013219af4c17e509c3efc84a8becd0f3546"}
{"stage": "eval-initial.log", "at_utc": "2026-09-17T05:52:21.408244+00:00"}
{"stage": "eval-50k.log", "at_utc": "2026-09-17T05:52:21.411635+00:00"}
{"verified_files": 156, "upstream_commit": "00930013219af4c17e509c3efc84a8becd0f3546"}
{"verified_files": 156, "upstream_commit": "00930013219af4c17e509c3efc84a8becd0f3546"}
{"stage": "eval-final.log", "at_utc": "2026-09-17T10:58:55.617573+00:00"}
{"verified_files": 156, "upstream_commit": "00930013219af4c17e509c3efc84a8becd0f3546"}
{"verified_files": 156, "upstream_commit": "00930013219af4c17e509c3efc84a8becd0f3546"}
{"verified_files": 156, "upstream_commit": "00930013219af4c17e509c3efc84a8becd0f3546"}
{"stage": "native-final.log", "at_utc": "2026-09-17T11:10:05.649436+00:00"}
{"verified_files": 156, "upstream_commit": "00930013219af4c17e509c3efc84a8becd0f3546"}
{"verified_files": 156, "upstream_commit": "00930013219af4c17e509c3efc84a8becd0f3546"}
{"stage": "comparison.log", "at_utc": "2026-09-17T11:11:23.187331+00:00"}
{"verified_files": 156, "upstream_commit": "00930013219af4c17e509c3efc84a8becd0f3546"}
{"verified_files": 156, "upstream_commit": "00930013219af4c17e509c3efc84a8becd0f3546"}
{"stage": "curve.log", "at_utc": "2026-09-17T11:11:37.367236+00:00"}
{"verified_files": 156, "upstream_commit": "00930013219af4c17e509c3efc84a8becd0f3546"}
{"verified_files": 156, "upstream_commit": "00930013219af4c17e509c3efc84a8becd0f3546"}
{"status": "complete", "means": {"untrained_navigation_prior": {"waypoint_reached": 1.0, "flight_time": 1006.2849999999999, "intrusion_events": 1.5400000000000003, "intrusion_time": 104.44999999999997, "restricted_area_events": 0.015000000000000003, "time_in_restricted_area": 0.35500000000000004, "sector_exit_events": 0.0, "time_outside_sector": 0.0, "total_reward": -61.62691743182273, "clean_completion": 0.255, "all_aircraft_clean_completion": 0.0}, "initial_supervised_policy": {"waypoint_reached": 0.86, "flight_time": 1269.145, "intrusion_events": 1.59, "intrusion_time": 197.12, "restricted_area_events": 0.045000000000000005, "time_in_restricted_area": 1.295, "sector_exit_events": 0.0, "time_outside_sector": 0.0, "total_reward": -155.1007499528556, "clean_completion": 0.24999999999999992, "all_aircraft_clean_completion": 0.0}, "first_checkpoint_at_least_50k": {"waypoint_reached": 0.6649999999999999, "flight_time": 1766.08, "intrusion_events": 1.32, "intrusion_time": 250.91, "restricted_area_events": 0.045, "time_in_restricted_area": 1.0150000000000001, "sector_exit_events": 0.0, "time_outside_sector": 0.0, "total_reward": -213.31350525747456, "clean_completion": 0.23500000000000001, "all_aircraft_clean_completion": 0.0}, "fixed_final_checkpoint": {"waypoint_reached": 0.745, "flight_time": 1510.0750000000003, "intrusion_events": 1.0799999999999998, "intrusion_time": 70.39999999999999, "restricted_area_events": 0.11500000000000002, "time_in_restricted_area": 5.595, "sector_exit_events": 0.01, "time_outside_sector": 1.28, "total_reward": -41.98715486152878, "clean_completion": 0.28500000000000003, "all_aircraft_clean_completion": 0.0}, "fixed_classical_system": {"waypoint_reached": 0.9949999999999999, "flight_time": 1082.1299999999999, "intrusion_events": 0.06000000000000001, "intrusion_time": 2.51, "restricted_area_events": 0.01, "time_in_restricted_area": 0.26999999999999996, "sector_exit_events": 0.0, "time_outside_sector": 0.0, "total_reward": 34.60570799520568, "clean_completion": 0.945, "all_aircraft_clean_completion": 0.8}}, "screen_checks": {"arrival_level": false, "arrival_change": false, "clean_completion_gain": false, "flight_time": false, "intrusion_time": true, "time_in_restricted_area": false, "time_outside_sector": false}}
