C:\Users\Shricharan\VSCodeProjects\airtrafficcontrol\bluesky-gym\.venv\Lib\site-packages\stable_baselines3\ppo\ppo.py:155: UserWarning: You have specified a mini-batch size of 256, but because the `RolloutBuffer` is of size `n_steps * n_envs = 640`, after every 2 untruncated mini-batches, there will be a truncated mini-batch of size 128
We recommend using a `batch_size` that is a factor of `n_steps * n_envs`.
Info: (n_steps=64 and n_envs=10)
  warnings.warn(
{"rollout": 1, "live_transitions": 640, "padded_transitions": 0, "counted_transitions": 640, "worlds_completed": 0, "aircraft_completed": 0, "optimizer_steps": 1, "policy_epochs": 1, "wall_seconds": 33.207011700000294, "live_transitions_per_second": 19.27303804937059, "training_return_last100": null, "native_return_last100": null, "training_arrival_last100": null, "policy_loss": 0.03704553656280041, "value_loss": 0.07260468974709511, "approx_kl": 0.0370597317814827, "clip_fraction": 0.30859375, "rollout_live_samples": 640, "rollout_return_variance_live": 0.04362937789543929, "rollout_value_mse_live": 0.0504999965378802, "rollout_value_explained_variance_live": -0.15468449913834603, "rollout_action_box_clip_fraction_live": 0.0}
{"rollout": 2, "live_transitions": 1280, "padded_transitions": 0, "counted_transitions": 1280, "worlds_completed": 0, "aircraft_completed": 0, "optimizer_steps": 2, "policy_epochs": 2, "wall_seconds": 38.136308299999655, "live_transitions_per_second": 33.563815090093854, "training_return_last100": null, "native_return_last100": null, "training_arrival_last100": null, "policy_loss": 0.026786413975059986, "value_loss": 0.09059396386146545, "approx_kl": 0.04655659198760986, "clip_fraction": 0.3359375, "rollout_live_samples": 640, "rollout_return_variance_live": 0.06971881917814715, "rollout_value_mse_live": 0.11162674897396321, "rollout_value_explained_variance_live": -0.22357078584651302, "rollout_action_box_clip_fraction_live": 0.0}
{"status": "complete", "algorithm": "ppo", "live_transitions": 1280, "padded_transitions": 0, "counted_transitions": 1280, "optimizer_steps": 2, "policy_epochs": 2, "rollouts": 2, "worlds_completed": 0, "aircraft_completed": 0, "wall_seconds": 38.2729302000007, "actor_and_critic_parameters_changed": true, "source_unchanged": true, "model_sha256": "650f9c3942677b7dc4d63d5efbf9c01f64587984c87670f4bae7b00968431649", "training_seed": 49020, "performance_evaluation": "Not performed by this training command; use separate fixed-scenario evaluations."}
Creating directory "C:\Users\Shricharan\VSCodeProjects\airtrafficcontrol\bluesky-gym\runs\cpa-mask-development-v1\features\train\workers\world-0\simulator\scenario"
Creating directory "C:\Users\Shricharan\VSCodeProjects\airtrafficcontrol\bluesky-gym\runs\cpa-mask-development-v1\features\train\workers\world-0\simulator\plugins"
Creating directory "C:\Users\Shricharan\VSCodeProjects\airtrafficcontrol\bluesky-gym\runs\cpa-mask-development-v1\features\train\workers\world-0\simulator\output"
Creating directory "C:\Users\Shricharan\VSCodeProjects\airtrafficcontrol\bluesky-gym\runs\cpa-mask-development-v1\features\train\workers\world-0\simulator\cache"
Copying default configfile to C:\Users\Shricharan\VSCodeProjects\airtrafficcontrol\bluesky-gym\runs\cpa-mask-development-v1\features\train\workers\world-0\simulator\settings.cfg
Reading config from C:\Users\Shricharan\VSCodeProjects\airtrafficcontrol\bluesky-gym\runs\cpa-mask-development-v1\features\train\workers\world-0\simulator\settings.cfg
Using compiled geo functions
Reading magnetic variation data
Warning: RTree could not be loaded. areafilter get_intersecting and get_knearest won't work
Loading global navigation database...
Cachefile not found: C:\Users\Shricharan\VSCodeProjects\airtrafficcontrol\bluesky-gym\runs\cpa-mask-development-v1\features\train\workers\world-0\simulator\cache\navdata.p
Reading nav.dat
Reading fix.dat
Reading awy.dat
Reading apt.dat from apt.zip
Writing cache: C:\Users\Shricharan\VSCodeProjects\airtrafficcontrol\bluesky-gym\runs\cpa-mask-development-v1\features\train\workers\world-0\simulator\cache\navdata.p
Successfully loaded OpenAP performance model
Failed to load BADA performance model
Successfully loaded legacy performance model
Successfully loaded plugin AREA
Successfully loaded plugin DATAFEED
