C:\Users\Shricharan\VSCodeProjects\airtrafficcontrol\bluesky-gym\.venv\Lib\site-packages\stable_baselines3\ppo\ppo.py:155: UserWarning: You have specified a mini-batch size of 256, but because the `RolloutBuffer` is of size `n_steps * n_envs = 640`, after every 2 untruncated mini-batches, there will be a truncated mini-batch of size 128
We recommend using a `batch_size` that is a factor of `n_steps * n_envs`.
Info: (n_steps=64 and n_envs=10)
  warnings.warn(
{"rollout": 1, "live_transitions": 640, "padded_transitions": 0, "counted_transitions": 640, "worlds_completed": 0, "aircraft_completed": 0, "optimizer_steps": 1, "policy_epochs": 1, "wall_seconds": 26.590388299999177, "live_transitions_per_second": 24.068847463954476, "training_return_last100": null, "native_return_last100": null, "training_arrival_last100": null, "policy_loss": 0.050176418386399746, "value_loss": 0.10787949152290821, "approx_kl": 0.07119795680046082, "clip_fraction": 0.36328125, "rollout_live_samples": 640, "rollout_return_variance_live": 0.07565290428597464, "rollout_value_mse_live": 0.030733133053802607, "rollout_value_explained_variance_live": 0.60722610444823, "rollout_action_box_clip_fraction_live": 0.0}
{"rollout": 2, "live_transitions": 1280, "padded_transitions": 0, "counted_transitions": 1280, "worlds_completed": 0, "aircraft_completed": 0, "optimizer_steps": 7, "policy_epochs": 3, "wall_seconds": 31.39757390000159, "live_transitions_per_second": 40.767481082349974, "training_return_last100": null, "native_return_last100": null, "training_arrival_last100": null, "policy_loss": 0.011907014064490795, "value_loss": 0.04159305493036906, "approx_kl": 0.021941667422652245, "clip_fraction": 0.27734375, "rollout_live_samples": 640, "rollout_return_variance_live": 0.025029187808266667, "rollout_value_mse_live": 0.06062738924430559, "rollout_value_explained_variance_live": -1.4012030384607659, "rollout_action_box_clip_fraction_live": 0.0}
{"status": "complete", "algorithm": "ppo", "live_transitions": 1280, "padded_transitions": 0, "counted_transitions": 1280, "optimizer_steps": 7, "policy_epochs": 3, "rollouts": 2, "worlds_completed": 0, "aircraft_completed": 0, "wall_seconds": 31.51304070000333, "actor_and_critic_parameters_changed": true, "source_unchanged": true, "model_sha256": "dd25dbd0390dce32a998257d9e0e75397f1109d4203c60145f27e31b0608de24", "training_seed": 49040, "performance_evaluation": "Not performed by this training command; use separate fixed-scenario evaluations."}
Creating directory "C:\Users\Shricharan\VSCodeProjects\airtrafficcontrol\bluesky-gym\runs\position-scale-development-v1\control\train\workers\world-0\simulator\scenario"
Creating directory "C:\Users\Shricharan\VSCodeProjects\airtrafficcontrol\bluesky-gym\runs\position-scale-development-v1\control\train\workers\world-0\simulator\plugins"
Creating directory "C:\Users\Shricharan\VSCodeProjects\airtrafficcontrol\bluesky-gym\runs\position-scale-development-v1\control\train\workers\world-0\simulator\output"
Creating directory "C:\Users\Shricharan\VSCodeProjects\airtrafficcontrol\bluesky-gym\runs\position-scale-development-v1\control\train\workers\world-0\simulator\cache"
Copying default configfile to C:\Users\Shricharan\VSCodeProjects\airtrafficcontrol\bluesky-gym\runs\position-scale-development-v1\control\train\workers\world-0\simulator\settings.cfg
Reading config from C:\Users\Shricharan\VSCodeProjects\airtrafficcontrol\bluesky-gym\runs\position-scale-development-v1\control\train\workers\world-0\simulator\settings.cfg
Using compiled geo functions
Reading magnetic variation data
Warning: RTree could not be loaded. areafilter get_intersecting and get_knearest won't work
Loading global navigation database...
Cachefile not found: C:\Users\Shricharan\VSCodeProjects\airtrafficcontrol\bluesky-gym\runs\position-scale-development-v1\control\train\workers\world-0\simulator\cache\navdata.p
Reading nav.dat
Reading fix.dat
Reading awy.dat
Reading apt.dat from apt.zip
Writing cache: C:\Users\Shricharan\VSCodeProjects\airtrafficcontrol\bluesky-gym\runs\position-scale-development-v1\control\train\workers\world-0\simulator\cache\navdata.p
Successfully loaded OpenAP performance model
Failed to load BADA performance model
Successfully loaded legacy performance model
Successfully loaded plugin AREA
Successfully loaded plugin DATAFEED
