C:\Users\Shricharan\VSCodeProjects\airtrafficcontrol\bluesky-gym\.venv\Lib\site-packages\stable_baselines3\ppo\ppo.py:155: UserWarning: You have specified a mini-batch size of 256, but because the `RolloutBuffer` is of size `n_steps * n_envs = 640`, after every 2 untruncated mini-batches, there will be a truncated mini-batch of size 128
We recommend using a `batch_size` that is a factor of `n_steps * n_envs`.
Info: (n_steps=64 and n_envs=10)
  warnings.warn(
{"rollout": 1, "live_transitions": 640, "padded_transitions": 0, "counted_transitions": 640, "worlds_completed": 0, "aircraft_completed": 0, "optimizer_steps": 1, "policy_epochs": 1, "wall_seconds": 31.64291940000112, "live_transitions_per_second": 20.225693840372305, "training_return_last100": null, "native_return_last100": null, "training_arrival_last100": null, "policy_loss": 0.019984427839517593, "value_loss": 0.2955198958516121, "approx_kl": 0.03449258953332901, "clip_fraction": 0.267578125, "rollout_live_samples": 640, "rollout_return_variance_live": 0.03694912779051084, "rollout_value_mse_live": 0.08393624724489987, "rollout_value_explained_variance_live": -1.2678098720011568, "rollout_action_box_clip_fraction_live": 0.0}
{"rollout": 2, "live_transitions": 1280, "padded_transitions": 0, "counted_transitions": 1280, "worlds_completed": 0, "aircraft_completed": 0, "optimizer_steps": 7, "policy_epochs": 3, "wall_seconds": 36.22089190000406, "live_transitions_per_second": 35.33872118703561, "training_return_last100": null, "native_return_last100": null, "training_arrival_last100": null, "policy_loss": 0.005235511809587479, "value_loss": 0.4918148076782624, "approx_kl": 0.025795431807637215, "clip_fraction": 0.19791666666666666, "rollout_live_samples": 640, "rollout_return_variance_live": 0.04555456134479015, "rollout_value_mse_live": 0.04126378547794263, "rollout_value_explained_variance_live": 0.17792751518876626, "rollout_action_box_clip_fraction_live": 0.0}
{"status": "complete", "algorithm": "mappo", "live_transitions": 1280, "padded_transitions": 0, "counted_transitions": 1280, "optimizer_steps": 7, "policy_epochs": 3, "rollouts": 2, "worlds_completed": 0, "aircraft_completed": 0, "wall_seconds": 36.38598600000114, "actor_and_critic_parameters_changed": true, "source_unchanged": true, "model_sha256": "ad5a4398c7f91ddc6e4534a4332a9c246b770ef121648c7ec0d1cff52c913659", "training_seed": 49040, "performance_evaluation": "Not performed by this training command; use separate fixed-scenario evaluations."}
Creating directory "C:\Users\Shricharan\VSCodeProjects\airtrafficcontrol\bluesky-gym\runs\position-scale-development-v1\mappo\train\workers\world-0\simulator\scenario"
Creating directory "C:\Users\Shricharan\VSCodeProjects\airtrafficcontrol\bluesky-gym\runs\position-scale-development-v1\mappo\train\workers\world-0\simulator\plugins"
Creating directory "C:\Users\Shricharan\VSCodeProjects\airtrafficcontrol\bluesky-gym\runs\position-scale-development-v1\mappo\train\workers\world-0\simulator\output"
Creating directory "C:\Users\Shricharan\VSCodeProjects\airtrafficcontrol\bluesky-gym\runs\position-scale-development-v1\mappo\train\workers\world-0\simulator\cache"
Copying default configfile to C:\Users\Shricharan\VSCodeProjects\airtrafficcontrol\bluesky-gym\runs\position-scale-development-v1\mappo\train\workers\world-0\simulator\settings.cfg
Reading config from C:\Users\Shricharan\VSCodeProjects\airtrafficcontrol\bluesky-gym\runs\position-scale-development-v1\mappo\train\workers\world-0\simulator\settings.cfg
Using compiled geo functions
Reading magnetic variation data
Warning: RTree could not be loaded. areafilter get_intersecting and get_knearest won't work
Loading global navigation database...
Cachefile not found: C:\Users\Shricharan\VSCodeProjects\airtrafficcontrol\bluesky-gym\runs\position-scale-development-v1\mappo\train\workers\world-0\simulator\cache\navdata.p
Reading nav.dat
Reading fix.dat
Reading awy.dat
Reading apt.dat from apt.zip
Writing cache: C:\Users\Shricharan\VSCodeProjects\airtrafficcontrol\bluesky-gym\runs\position-scale-development-v1\mappo\train\workers\world-0\simulator\cache\navdata.p
Successfully loaded OpenAP performance model
Failed to load BADA performance model
Successfully loaded legacy performance model
Successfully loaded plugin AREA
Successfully loaded plugin DATAFEED
