C:\Users\Shricharan\VSCodeProjects\airtrafficcontrol\bluesky-gym\.venv\Lib\site-packages\stable_baselines3\ppo\ppo.py:155: UserWarning: You have specified a mini-batch size of 256, but because the `RolloutBuffer` is of size `n_steps * n_envs = 640`, after every 2 untruncated mini-batches, there will be a truncated mini-batch of size 128
We recommend using a `batch_size` that is a factor of `n_steps * n_envs`.
Info: (n_steps=64 and n_envs=10)
  warnings.warn(
{"rollout": 1, "live_transitions": 640, "padded_transitions": 0, "counted_transitions": 640, "worlds_completed": 0, "aircraft_completed": 0, "optimizer_steps": 1, "policy_epochs": 1, "wall_seconds": 27.37058600000455, "live_transitions_per_second": 23.382765717909496, "training_return_last100": null, "native_return_last100": null, "training_arrival_last100": null, "policy_loss": 0.03419200051575899, "value_loss": 0.1234948355704546, "approx_kl": 0.049131277948617935, "clip_fraction": 0.34765625, "rollout_live_samples": 640, "rollout_return_variance_live": 0.09532631657812829, "rollout_value_mse_live": 0.05152986026090585, "rollout_value_explained_variance_live": 0.5303718716191729, "rollout_action_box_clip_fraction_live": 0.0}
{"rollout": 2, "live_transitions": 1280, "padded_transitions": 0, "counted_transitions": 1280, "worlds_completed": 0, "aircraft_completed": 0, "optimizer_steps": 7, "policy_epochs": 3, "wall_seconds": 31.873875500001304, "live_transitions_per_second": 40.158279466202586, "training_return_last100": null, "native_return_last100": null, "training_arrival_last100": null, "policy_loss": 0.011729085197051367, "value_loss": 0.06774420849978924, "approx_kl": 0.01459117978811264, "clip_fraction": 0.24088541666666666, "rollout_live_samples": 640, "rollout_return_variance_live": 0.05418264761907238, "rollout_value_mse_live": 0.08045232695087823, "rollout_value_explained_variance_live": -0.48267719545845633, "rollout_action_box_clip_fraction_live": 0.0}
{"status": "complete", "algorithm": "ppo", "live_transitions": 1280, "padded_transitions": 0, "counted_transitions": 1280, "optimizer_steps": 7, "policy_epochs": 3, "rollouts": 2, "worlds_completed": 0, "aircraft_completed": 0, "wall_seconds": 31.975939500000095, "actor_and_critic_parameters_changed": true, "source_unchanged": true, "model_sha256": "0e2b8d752b754720e1d0b3bc717ab6a9fe74f5c03852bc60351d6775c929795d", "training_seed": 49040, "performance_evaluation": "Not performed by this training command; use separate fixed-scenario evaluations."}
Creating directory "C:\Users\Shricharan\VSCodeProjects\airtrafficcontrol\bluesky-gym\runs\position-scale-development-v1\ppo\train\workers\world-0\simulator\scenario"
Creating directory "C:\Users\Shricharan\VSCodeProjects\airtrafficcontrol\bluesky-gym\runs\position-scale-development-v1\ppo\train\workers\world-0\simulator\plugins"
Creating directory "C:\Users\Shricharan\VSCodeProjects\airtrafficcontrol\bluesky-gym\runs\position-scale-development-v1\ppo\train\workers\world-0\simulator\output"
Creating directory "C:\Users\Shricharan\VSCodeProjects\airtrafficcontrol\bluesky-gym\runs\position-scale-development-v1\ppo\train\workers\world-0\simulator\cache"
Copying default configfile to C:\Users\Shricharan\VSCodeProjects\airtrafficcontrol\bluesky-gym\runs\position-scale-development-v1\ppo\train\workers\world-0\simulator\settings.cfg
Reading config from C:\Users\Shricharan\VSCodeProjects\airtrafficcontrol\bluesky-gym\runs\position-scale-development-v1\ppo\train\workers\world-0\simulator\settings.cfg
Using compiled geo functions
Reading magnetic variation data
Warning: RTree could not be loaded. areafilter get_intersecting and get_knearest won't work
Loading global navigation database...
Cachefile not found: C:\Users\Shricharan\VSCodeProjects\airtrafficcontrol\bluesky-gym\runs\position-scale-development-v1\ppo\train\workers\world-0\simulator\cache\navdata.p
Reading nav.dat
Reading fix.dat
Reading awy.dat
Reading apt.dat from apt.zip
Writing cache: C:\Users\Shricharan\VSCodeProjects\airtrafficcontrol\bluesky-gym\runs\position-scale-development-v1\ppo\train\workers\world-0\simulator\cache\navdata.p
Successfully loaded OpenAP performance model
Failed to load BADA performance model
Successfully loaded legacy performance model
Successfully loaded plugin AREA
Successfully loaded plugin DATAFEED
