{"verified_files": 132, "upstream_commit": "00930013219af4c17e509c3efc84a8becd0f3546"}
Creating directory "C:\Users\Shricharan\VSCodeProjects\airtrafficcontrol\bluesky-gym\runs\exploration-actuation-diagnostic-v2\simulator\scenario"
Creating directory "C:\Users\Shricharan\VSCodeProjects\airtrafficcontrol\bluesky-gym\runs\exploration-actuation-diagnostic-v2\simulator\plugins"
Creating directory "C:\Users\Shricharan\VSCodeProjects\airtrafficcontrol\bluesky-gym\runs\exploration-actuation-diagnostic-v2\simulator\output"
Creating directory "C:\Users\Shricharan\VSCodeProjects\airtrafficcontrol\bluesky-gym\runs\exploration-actuation-diagnostic-v2\simulator\cache"
Copying default configfile to C:\Users\Shricharan\VSCodeProjects\airtrafficcontrol\bluesky-gym\runs\exploration-actuation-diagnostic-v2\simulator\settings.cfg
Reading config from C:\Users\Shricharan\VSCodeProjects\airtrafficcontrol\bluesky-gym\runs\exploration-actuation-diagnostic-v2\simulator\settings.cfg
Using compiled geo functions
Reading magnetic variation data
Warning: RTree could not be loaded. areafilter get_intersecting and get_knearest won't work
Loading global navigation database...
Cachefile not found: C:\Users\Shricharan\VSCodeProjects\airtrafficcontrol\bluesky-gym\runs\exploration-actuation-diagnostic-v2\simulator\cache\navdata.p
Reading nav.dat
Reading fix.dat
Reading awy.dat
Reading apt.dat from apt.zip
Writing cache: C:\Users\Shricharan\VSCodeProjects\airtrafficcontrol\bluesky-gym\runs\exploration-actuation-diagnostic-v2\simulator\cache\navdata.p
Successfully loaded OpenAP performance model
Failed to load BADA performance model
Successfully loaded legacy performance model
Successfully loaded plugin AREA
Successfully loaded plugin DATAFEED
{"case": "zero", "episode": 0, "decisions": 252}
{"case": "zero", "episode": 1, "decisions": 213}
Simulation node b'\x00p&\xd6\xb0' quitting.
{"case": "iid005", "episode": 0, "decisions": 253}
{"case": "iid005", "episode": 1, "decisions": 219}
Simulation node b'\x00p&\xd6\xb0' quitting.
{"case": "iid020", "episode": 0, "decisions": 257}
{"case": "iid020", "episode": 1, "decisions": 238}
Simulation node b'\x00p&\xd6\xb0' quitting.
{"case": "held020", "episode": 0, "decisions": 255}
{"case": "held020", "episode": 1, "decisions": 241}
{"verified_files": 132, "upstream_commit": "00930013219af4c17e509c3efc84a8becd0f3546"}
{"complete": true, "zero_noise_reference_metric_matches": 180, "diagnostic_only": true}
