C:\Users\Shricharan\VSCodeProjects\airtrafficcontrol\bluesky-gym\.venv\Lib\site-packages\stable_baselines3\ppo\ppo.py:155: UserWarning: You have specified a mini-batch size of 256, but because the `RolloutBuffer` is of size `n_steps * n_envs = 640`, after every 2 untruncated mini-batches, there will be a truncated mini-batch of size 128
We recommend using a `batch_size` that is a factor of `n_steps * n_envs`.
Info: (n_steps=64 and n_envs=10)
  warnings.warn(
{"rollout": 1, "live_transitions": 640, "padded_transitions": 0, "counted_transitions": 640, "worlds_completed": 0, "aircraft_completed": 0, "optimizer_steps": 1, "policy_epochs": 1, "wall_seconds": 34.89409180000075, "live_transitions_per_second": 18.341213855578445, "training_return_last100": null, "native_return_last100": null, "training_arrival_last100": null, "policy_loss": 0.02971547096967697, "value_loss": 2.0823142901062965, "approx_kl": 0.05353553965687752, "clip_fraction": 0.35546875, "rollout_live_samples": 640, "rollout_return_variance_live": 0.021428514595635568, "rollout_value_mse_live": 0.06489682800560348, "rollout_value_explained_variance_live": -1.101798165543947, "rollout_action_box_clip_fraction_live": 0.0}
{"rollout": 2, "live_transitions": 1280, "padded_transitions": 0, "counted_transitions": 1280, "worlds_completed": 0, "aircraft_completed": 0, "optimizer_steps": 7, "policy_epochs": 3, "wall_seconds": 39.95787740000378, "live_transitions_per_second": 32.03373360367433, "training_return_last100": null, "native_return_last100": null, "training_arrival_last100": null, "policy_loss": 0.005411826695005099, "value_loss": 0.2320232167840004, "approx_kl": 0.012401158921420574, "clip_fraction": 0.11328125, "rollout_live_samples": 640, "rollout_return_variance_live": 0.07442665516463905, "rollout_value_mse_live": 0.27918729158011873, "rollout_value_explained_variance_live": -0.3217964612593902, "rollout_action_box_clip_fraction_live": 0.0}
{"status": "complete", "algorithm": "mappo", "live_transitions": 1280, "padded_transitions": 0, "counted_transitions": 1280, "optimizer_steps": 7, "policy_epochs": 3, "rollouts": 2, "worlds_completed": 0, "aircraft_completed": 0, "wall_seconds": 40.161268100004236, "actor_and_critic_parameters_changed": true, "source_unchanged": true, "model_sha256": "aa34a69a67492348f547e09f85723a69756604ec68ecad02b50990f956a1847b", "training_seed": 49040, "performance_evaluation": "Not performed by this training command; use separate fixed-scenario evaluations."}
Creating directory "C:\Users\Shricharan\VSCodeProjects\airtrafficcontrol\bluesky-gym\runs\credit-assignment-development-v1\mappo\train\workers\world-0\simulator\scenario"
Creating directory "C:\Users\Shricharan\VSCodeProjects\airtrafficcontrol\bluesky-gym\runs\credit-assignment-development-v1\mappo\train\workers\world-0\simulator\plugins"
Creating directory "C:\Users\Shricharan\VSCodeProjects\airtrafficcontrol\bluesky-gym\runs\credit-assignment-development-v1\mappo\train\workers\world-0\simulator\output"
Creating directory "C:\Users\Shricharan\VSCodeProjects\airtrafficcontrol\bluesky-gym\runs\credit-assignment-development-v1\mappo\train\workers\world-0\simulator\cache"
Copying default configfile to C:\Users\Shricharan\VSCodeProjects\airtrafficcontrol\bluesky-gym\runs\credit-assignment-development-v1\mappo\train\workers\world-0\simulator\settings.cfg
Reading config from C:\Users\Shricharan\VSCodeProjects\airtrafficcontrol\bluesky-gym\runs\credit-assignment-development-v1\mappo\train\workers\world-0\simulator\settings.cfg
Using compiled geo functions
Reading magnetic variation data
Warning: RTree could not be loaded. areafilter get_intersecting and get_knearest won't work
Loading global navigation database...
Cachefile not found: C:\Users\Shricharan\VSCodeProjects\airtrafficcontrol\bluesky-gym\runs\credit-assignment-development-v1\mappo\train\workers\world-0\simulator\cache\navdata.p
Reading nav.dat
Reading fix.dat
Reading awy.dat
Reading apt.dat from apt.zip
Writing cache: C:\Users\Shricharan\VSCodeProjects\airtrafficcontrol\bluesky-gym\runs\credit-assignment-development-v1\mappo\train\workers\world-0\simulator\cache\navdata.p
Successfully loaded OpenAP performance model
Failed to load BADA performance model
Successfully loaded legacy performance model
Successfully loaded plugin AREA
Successfully loaded plugin DATAFEED
