Creating directory "C:\Users\Shricharan\VSCodeProjects\airtrafficcontrol\bluesky-gym\runs\goal-region-v1\retry2\classical_point_goal\candidate\source\runs\simulator\scenario"
Creating directory "C:\Users\Shricharan\VSCodeProjects\airtrafficcontrol\bluesky-gym\runs\goal-region-v1\retry2\classical_point_goal\candidate\source\runs\simulator\plugins"
Creating directory "C:\Users\Shricharan\VSCodeProjects\airtrafficcontrol\bluesky-gym\runs\goal-region-v1\retry2\classical_point_goal\candidate\source\runs\simulator\output"
Copying default configfile to C:\Users\Shricharan\VSCodeProjects\airtrafficcontrol\bluesky-gym\runs\goal-region-v1\retry2\classical_point_goal\candidate\source\runs\simulator\settings.cfg
Reading config from C:\Users\Shricharan\VSCodeProjects\airtrafficcontrol\bluesky-gym\runs\goal-region-v1\retry2\classical_point_goal\candidate\source\runs\simulator\settings.cfg
Using compiled geo functions
Reading magnetic variation data
Warning: RTree could not be loaded. areafilter get_intersecting and get_knearest won't work
Loading global navigation database...
Reading cache: C:\Users\Shricharan\VSCodeProjects\airtrafficcontrol\bluesky-gym\runs\goal-region-v1\retry2\classical_point_goal\candidate\source\runs\simulator\cache\navdata.p
Successfully loaded OpenAP performance model
Failed to load BADA performance model
Successfully loaded legacy performance model
Successfully loaded plugin AREA
Successfully loaded plugin DATAFEED
Scenario 1/20: completion=100%, intrusion=0.0s
Scenario 2/20: completion=100%, intrusion=0.0s
Scenario 3/20: completion=100%, intrusion=10.0s
Scenario 4/20: completion=100%, intrusion=0.0s
Scenario 5/20: completion=100%, intrusion=0.0s
Scenario 6/20: completion=100%, intrusion=0.0s
Scenario 7/20: completion=100%, intrusion=0.0s
Scenario 8/20: completion=100%, intrusion=0.0s
Scenario 9/20: completion=100%, intrusion=0.0s
Scenario 10/20: completion=100%, intrusion=0.0s
Scenario 11/20: completion=100%, intrusion=0.0s
Scenario 12/20: completion=100%, intrusion=3.0s
Scenario 13/20: completion=100%, intrusion=0.0s
Scenario 14/20: completion=100%, intrusion=0.0s
Scenario 15/20: completion=100%, intrusion=0.0s
Scenario 16/20: completion=100%, intrusion=0.0s
Scenario 17/20: completion=100%, intrusion=14.2s
Scenario 18/20: completion=100%, intrusion=0.0s
Scenario 19/20: completion=100%, intrusion=0.0s
Scenario 20/20: completion=100%, intrusion=0.0s
