Creating directory "C:\Users\Shricharan\VSCodeProjects\airtrafficcontrol\bluesky-gym\runs\native-policy-development-v2\ma-ppo-unsupported\simulator\scenario"
Creating directory "C:\Users\Shricharan\VSCodeProjects\airtrafficcontrol\bluesky-gym\runs\native-policy-development-v2\ma-ppo-unsupported\simulator\plugins"
Creating directory "C:\Users\Shricharan\VSCodeProjects\airtrafficcontrol\bluesky-gym\runs\native-policy-development-v2\ma-ppo-unsupported\simulator\output"
Creating directory "C:\Users\Shricharan\VSCodeProjects\airtrafficcontrol\bluesky-gym\runs\native-policy-development-v2\ma-ppo-unsupported\simulator\cache"
Copying default configfile to C:\Users\Shricharan\VSCodeProjects\airtrafficcontrol\bluesky-gym\runs\native-policy-development-v2\ma-ppo-unsupported\simulator\settings.cfg
Reading config from C:\Users\Shricharan\VSCodeProjects\airtrafficcontrol\bluesky-gym\runs\native-policy-development-v2\ma-ppo-unsupported\simulator\settings.cfg
Using compiled geo functions
Reading magnetic variation data
Warning: RTree could not be loaded. areafilter get_intersecting and get_knearest won't work
Loading global navigation database...
Cachefile not found: C:\Users\Shricharan\VSCodeProjects\airtrafficcontrol\bluesky-gym\runs\native-policy-development-v2\ma-ppo-unsupported\simulator\cache\navdata.p
Reading nav.dat
Reading fix.dat
Reading awy.dat
Reading apt.dat from apt.zip
Writing cache: C:\Users\Shricharan\VSCodeProjects\airtrafficcontrol\bluesky-gym\runs\native-policy-development-v2\ma-ppo-unsupported\simulator\cache\navdata.p
Successfully loaded OpenAP performance model
Failed to load BADA performance model
Successfully loaded legacy performance model
Successfully loaded plugin AREA
Successfully loaded plugin DATAFEED
{"episode_started": 1}
{"episode_started": 2}

wrote per-episode metrics to C:\Users\Shricharan\VSCodeProjects\airtrafficcontrol\bluesky-gym\runs\native-policy-development-v2\ma-ppo-unsupported\original-harness.csv
{"episodes": 2, "agent_episodes": 20, "metrics": {"waypoint_reached": {"mean": 1.0, "std": 0.0}, "flight_time": {"mean": 806.9, "std": 137.3622582807956}, "intrusion_events": {"mean": 1.2, "std": 1.4696938456699067}, "intrusion_time": {"mean": 67.2, "std": 89.81013305858087}, "restricted_area_events": {"mean": 0.2, "std": 0.5099019513592785}, "time_in_restricted_area": {"mean": 34.85, "std": 102.41692975284896}, "sector_exit_events": {"mean": 0.0, "std": 0.0}, "time_outside_sector": {"mean": 0.0, "std": 0.0}, "total_reward": {"mean": -43.59426263126649, "std": 87.43454471436263}}, "clean_completion_rate": 0.35, "all_aircraft_clean_completion_rate": 0.0, "algorithm": "ppo", "seed": 20260, "track": "ma", "official_protocol": false, "runtime": {"static_area_filter": false, "traffic_conflict_filter": false, "actor_uses_joint_context": false, "training_track": "ma", "evaluation_track": "ma", "single_agent_transfer": false, "observed_traffic_slots": 9, "simulated_scripted_intruders": 0, "episode_time_limit": 3000, "intrusion_distance": 5, "distance_margin": 5, "action_frequency": 5, "sim_dt": 1, "n_obstacles": 5, "geo_backend": "bluesky.tools.geo._cgeo", "performance_module": "bluesky.traffic.performance.openap.perfoap"}, "actor_inference_uses_joint_context": false, "world_decisions": 412, "wall_seconds": 17.558940599999914, "csv_sha256": "a3a6f1b97d3c72c69350ee2829ecfd75ffff4f939b59e8bb87b7b6e6c98cfb1b", "original_harness_csv_sha256": "d47fc6a24d2f80d7f94e973a10e607a013e54883dce7f68dfe1c6db980065ec6"}
