Creating directory "C:\Users\Shricharan\VSCodeProjects\airtrafficcontrol\bluesky-gym\runs\native-policy-development-v2\sa-ppo-unsupported\simulator\scenario"
Creating directory "C:\Users\Shricharan\VSCodeProjects\airtrafficcontrol\bluesky-gym\runs\native-policy-development-v2\sa-ppo-unsupported\simulator\plugins"
Creating directory "C:\Users\Shricharan\VSCodeProjects\airtrafficcontrol\bluesky-gym\runs\native-policy-development-v2\sa-ppo-unsupported\simulator\output"
Creating directory "C:\Users\Shricharan\VSCodeProjects\airtrafficcontrol\bluesky-gym\runs\native-policy-development-v2\sa-ppo-unsupported\simulator\cache"
Copying default configfile to C:\Users\Shricharan\VSCodeProjects\airtrafficcontrol\bluesky-gym\runs\native-policy-development-v2\sa-ppo-unsupported\simulator\settings.cfg
Reading config from C:\Users\Shricharan\VSCodeProjects\airtrafficcontrol\bluesky-gym\runs\native-policy-development-v2\sa-ppo-unsupported\simulator\settings.cfg
Using compiled geo functions
Reading magnetic variation data
Warning: RTree could not be loaded. areafilter get_intersecting and get_knearest won't work
Loading global navigation database...
Cachefile not found: C:\Users\Shricharan\VSCodeProjects\airtrafficcontrol\bluesky-gym\runs\native-policy-development-v2\sa-ppo-unsupported\simulator\cache\navdata.p
Reading nav.dat
Reading fix.dat
Reading awy.dat
Reading apt.dat from apt.zip
Writing cache: C:\Users\Shricharan\VSCodeProjects\airtrafficcontrol\bluesky-gym\runs\native-policy-development-v2\sa-ppo-unsupported\simulator\cache\navdata.p
Successfully loaded OpenAP performance model
Failed to load BADA performance model
Successfully loaded legacy performance model
Successfully loaded plugin AREA
Successfully loaded plugin DATAFEED
{"episode_started": 1}
{"episode_started": 2}

wrote per-episode metrics to C:\Users\Shricharan\VSCodeProjects\airtrafficcontrol\bluesky-gym\runs\native-policy-development-v2\sa-ppo-unsupported\original-harness.csv
{"episodes": 2, "agent_episodes": 2, "metrics": {"waypoint_reached": {"mean": 1.0, "std": 0.0}, "flight_time": {"mean": 786.5, "std": 64.5}, "intrusion_events": {"mean": 2.0, "std": 1.0}, "intrusion_time": {"mean": 244.0, "std": 189.0}, "restricted_area_events": {"mean": 0.0, "std": 0.0}, "time_in_restricted_area": {"mean": 0.0, "std": 0.0}, "sector_exit_events": {"mean": 0.0, "std": 0.0}, "time_outside_sector": {"mean": 0.0, "std": 0.0}, "total_reward": {"mean": -193.37546879963617, "std": 178.75671084862955}}, "clean_completion_rate": 0.0, "all_aircraft_clean_completion_rate": 0.0, "algorithm": "ppo", "seed": 20260, "track": "sa", "official_protocol": false, "runtime": {"static_area_filter": false, "traffic_conflict_filter": false, "actor_uses_joint_context": false, "training_track": "ma", "evaluation_track": "sa", "single_agent_transfer": true, "observed_traffic_slots": 9, "simulated_scripted_intruders": 10, "episode_time_limit": 3000, "intrusion_distance": 5, "distance_margin": 5, "action_frequency": 5, "sim_dt": 1, "n_obstacles": 5, "geo_backend": "bluesky.tools.geo._cgeo", "performance_module": "bluesky.traffic.performance.openap.perfoap"}, "actor_inference_uses_joint_context": false, "world_decisions": 316, "wall_seconds": 12.38713490000373, "csv_sha256": "e66d5bb254c5d422d2ab129bb5fe52df54a1f13b5b08ef21405484c7df196ad1", "original_harness_csv_sha256": "77001d78a24833f50e065866461619095ed1c3d6122a694e01d643fc92ac44fd"}
