{"rollout": 1, "live_transitions": 2140, "padded_transitions": 420, "counted_transitions": 2560, "worlds_completed": 0, "aircraft_completed": 7, "optimizer_steps": 50, "policy_epochs": 10, "wall_seconds": 56.064315999996325, "live_transitions_per_second": 38.1704469559593, "training_return_last100": -0.4548335608643158, "native_return_last100": -45.48335608643158, "training_arrival_last100": 1.0, "policy_loss": -0.011582127129659057, "value_loss": 0.038185104373842475, "approx_kl": 0.014323173090815544, "clip_fraction": 0.16470108717679977, "rollout_live_samples": 2140, "rollout_return_variance_live": 0.07683317023053965, "rollout_value_mse_live": 0.06575138571350103, "rollout_value_explained_variance_live": 0.36444506798270404, "rollout_action_box_clip_fraction_live": 0.0}
{"rollout": 2, "live_transitions": 3986, "padded_transitions": 1134, "counted_transitions": 5120, "worlds_completed": 1, "aircraft_completed": 17, "optimizer_steps": 90, "policy_epochs": 20, "wall_seconds": 76.65116719999787, "live_transitions_per_second": 52.00181739698428, "training_return_last100": -0.653504726538028, "native_return_last100": -65.3504726538028, "training_arrival_last100": 1.0, "policy_loss": -0.011345668890862725, "value_loss": 0.04053733237087727, "approx_kl": 0.012456388212740421, "clip_fraction": 0.1275544986128807, "rollout_live_samples": 1846, "rollout_return_variance_live": 0.13922703279648047, "rollout_value_mse_live": 0.1648999932341663, "rollout_value_explained_variance_live": 0.17240758589882677, "rollout_action_box_clip_fraction_live": 0.0}
{"rollout": 3, "live_transitions": 5484, "padded_transitions": 2196, "counted_transitions": 7680, "worlds_completed": 2, "aircraft_completed": 20, "optimizer_steps": 120, "policy_epochs": 30, "wall_seconds": 93.32510329999786, "live_transitions_per_second": 58.762324455955095, "training_return_last100": -0.8354081173837867, "native_return_last100": -83.54081173837868, "training_arrival_last100": 1.0, "policy_loss": -0.011406486853957176, "value_loss": 0.034819017599026364, "approx_kl": 0.015586203895509243, "clip_fraction": 0.14878417352835338, "rollout_live_samples": 1498, "rollout_return_variance_live": 0.24943102944796886, "rollout_value_mse_live": 0.09939471715715534, "rollout_value_explained_variance_live": 0.6872829336720468, "rollout_action_box_clip_fraction_live": 0.0}
{"rollout": 4, "live_transitions": 7421, "padded_transitions": 2819, "counted_transitions": 10240, "worlds_completed": 3, "aircraft_completed": 30, "optimizer_steps": 160, "policy_epochs": 40, "wall_seconds": 114.23618269999861, "live_transitions_per_second": 64.96190457876784, "training_return_last100": -0.8170122873437096, "native_return_last100": -81.70122873437094, "training_arrival_last100": 1.0, "policy_loss": -0.009953882405534386, "value_loss": 0.012685316591523587, "approx_kl": 0.014811727218329906, "clip_fraction": 0.1544226599857211, "rollout_live_samples": 1937, "rollout_return_variance_live": 0.05062151129704013, "rollout_value_mse_live": 0.023121172037517974, "rollout_value_explained_variance_live": 0.5960093807853328, "rollout_action_box_clip_fraction_live": 0.0}
{"rollout": 5, "live_transitions": 8866, "padded_transitions": 3934, "counted_transitions": 12800, "worlds_completed": 3, "aircraft_completed": 37, "optimizer_steps": 190, "policy_epochs": 50, "wall_seconds": 132.04672319999372, "live_transitions_per_second": 67.14290052144528, "training_return_last100": -0.6937480639849726, "native_return_last100": -69.37480639849723, "training_arrival_last100": 1.0, "policy_loss": -0.010997524436485643, "value_loss": 0.033697752219935255, "approx_kl": 0.012655195780098438, "clip_fraction": 0.107764716198047, "rollout_live_samples": 1445, "rollout_return_variance_live": 0.18848864251458897, "rollout_value_mse_live": 0.08747469803233675, "rollout_value_explained_variance_live": 0.6763519922946801, "rollout_action_box_clip_fraction_live": 0.0}
{"rollout": 6, "live_transitions": 9879, "padded_transitions": 5481, "counted_transitions": 15360, "worlds_completed": 4, "aircraft_completed": 40, "optimizer_steps": 210, "policy_epochs": 60, "wall_seconds": 146.03454679999413, "live_transitions_per_second": 67.64837647306888, "training_return_last100": -1.4083449042877667, "native_return_last100": -140.8344904287767, "training_arrival_last100": 0.925, "policy_loss": -0.01280755790648982, "value_loss": 0.11551997251808643, "approx_kl": 0.015673194080591202, "clip_fraction": 0.15504966606386006, "rollout_live_samples": 1013, "rollout_return_variance_live": 0.5095165934093067, "rollout_value_mse_live": 0.2536378596817771, "rollout_value_explained_variance_live": 0.6461644607909569, "rollout_action_box_clip_fraction_live": 0.0}
{"rollout": 7, "live_transitions": 11793, "padded_transitions": 6127, "counted_transitions": 17920, "worlds_completed": 5, "aircraft_completed": 50, "optimizer_steps": 250, "policy_epochs": 70, "wall_seconds": 1794.1789046999984, "live_transitions_per_second": 6.5729231177043, "training_return_last100": -1.2516876177312906, "native_return_last100": -125.16876177312906, "training_arrival_last100": 0.94, "policy_loss": -0.01080357096507214, "value_loss": 0.03912572441622615, "approx_kl": 0.012857310473918915, "clip_fraction": 0.12465432789176703, "rollout_live_samples": 1914, "rollout_return_variance_live": 0.19710676860691043, "rollout_value_mse_live": 0.09343002798422187, "rollout_value_explained_variance_live": 0.6283950517606954, "rollout_action_box_clip_fraction_live": 0.0}
{"rollout": 8, "live_transitions": 13481, "padded_transitions": 6999, "counted_transitions": 20480, "worlds_completed": 6, "aircraft_completed": 60, "optimizer_steps": 290, "policy_epochs": 80, "wall_seconds": 4073.144515, "live_transitions_per_second": 3.3097278896818128, "training_return_last100": -1.213436036110627, "native_return_last100": -121.34360361106269, "training_arrival_last100": 0.95, "policy_loss": -0.014144305323134177, "value_loss": 0.033712396724149586, "approx_kl": 0.015418611466884613, "clip_fraction": 0.1572265626862645, "rollout_live_samples": 1688, "rollout_return_variance_live": 0.16046986099948687, "rollout_value_mse_live": 0.059669153973456956, "rollout_value_explained_variance_live": 0.6365744030189355, "rollout_action_box_clip_fraction_live": 0.0}
{"status": "wall_limit_before_budget", "algorithm": "ppo", "live_transitions": 13481, "padded_transitions": 6999, "counted_transitions": 20480, "optimizer_steps": 290, "policy_epochs": 80, "rollouts": 8, "worlds_completed": 6, "aircraft_completed": 60, "wall_seconds": 4073.339893599994, "actor_and_critic_parameters_changed": true, "source_unchanged": true, "model_sha256": "878a06427ad4fb00f21bb9fd00c24f79c0dcc23d10a356762bad49d1409c4d20", "training_seed": 52300, "performance_evaluation": "Not performed by this training command; use separate fixed-scenario evaluations."}
Creating directory "C:\Users\Shricharan\VSCodeProjects\airtrafficcontrol\bluesky-gym\runs\ppo-gsde-replication-v1\seed-52300\every1\train\workers\world-0\simulator\scenario"
Creating directory "C:\Users\Shricharan\VSCodeProjects\airtrafficcontrol\bluesky-gym\runs\ppo-gsde-replication-v1\seed-52300\every1\train\workers\world-0\simulator\plugins"
Creating directory "C:\Users\Shricharan\VSCodeProjects\airtrafficcontrol\bluesky-gym\runs\ppo-gsde-replication-v1\seed-52300\every1\train\workers\world-0\simulator\output"
Creating directory "C:\Users\Shricharan\VSCodeProjects\airtrafficcontrol\bluesky-gym\runs\ppo-gsde-replication-v1\seed-52300\every1\train\workers\world-0\simulator\cache"
Copying default configfile to C:\Users\Shricharan\VSCodeProjects\airtrafficcontrol\bluesky-gym\runs\ppo-gsde-replication-v1\seed-52300\every1\train\workers\world-0\simulator\settings.cfg
Reading config from C:\Users\Shricharan\VSCodeProjects\airtrafficcontrol\bluesky-gym\runs\ppo-gsde-replication-v1\seed-52300\every1\train\workers\world-0\simulator\settings.cfg
Using compiled geo functions
Reading magnetic variation data
Warning: RTree could not be loaded. areafilter get_intersecting and get_knearest won't work
Loading global navigation database...
Cachefile not found: C:\Users\Shricharan\VSCodeProjects\airtrafficcontrol\bluesky-gym\runs\ppo-gsde-replication-v1\seed-52300\every1\train\workers\world-0\simulator\cache\navdata.p
Reading nav.dat
Reading fix.dat
Reading awy.dat
Reading apt.dat from apt.zip
Writing cache: C:\Users\Shricharan\VSCodeProjects\airtrafficcontrol\bluesky-gym\runs\ppo-gsde-replication-v1\seed-52300\every1\train\workers\world-0\simulator\cache\navdata.p
Successfully loaded OpenAP performance model
Failed to load BADA performance model
Successfully loaded legacy performance model
Successfully loaded plugin AREA
Successfully loaded plugin DATAFEED
