{"verified_files": 125, "upstream_commit": "00930013219af4c17e509c3efc84a8becd0f3546"}
Creating directory "C:\Users\Shricharan\VSCodeProjects\airtrafficcontrol\bluesky-gym\runs\ppo-action-components-v1\full_policy\workers\world-0\simulator\scenario"
Creating directory "C:\Users\Shricharan\VSCodeProjects\airtrafficcontrol\bluesky-gym\runs\ppo-action-components-v1\full_policy\workers\world-0\simulator\plugins"
Creating directory "C:\Users\Shricharan\VSCodeProjects\airtrafficcontrol\bluesky-gym\runs\ppo-action-components-v1\full_policy\workers\world-0\simulator\output"
Creating directory "C:\Users\Shricharan\VSCodeProjects\airtrafficcontrol\bluesky-gym\runs\ppo-action-components-v1\full_policy\workers\world-0\simulator\cache"
Copying default configfile to C:\Users\Shricharan\VSCodeProjects\airtrafficcontrol\bluesky-gym\runs\ppo-action-components-v1\full_policy\workers\world-0\simulator\settings.cfg
Reading config from C:\Users\Shricharan\VSCodeProjects\airtrafficcontrol\bluesky-gym\runs\ppo-action-components-v1\full_policy\workers\world-0\simulator\settings.cfg
Using compiled geo functions
Reading magnetic variation data
Warning: RTree could not be loaded. areafilter get_intersecting and get_knearest won't work
Loading global navigation database...
Cachefile not found: C:\Users\Shricharan\VSCodeProjects\airtrafficcontrol\bluesky-gym\runs\ppo-action-components-v1\full_policy\workers\world-0\simulator\cache\navdata.p
Reading nav.dat
Reading fix.dat
Reading awy.dat
Reading apt.dat from apt.zip
Writing cache: C:\Users\Shricharan\VSCodeProjects\airtrafficcontrol\bluesky-gym\runs\ppo-action-components-v1\full_policy\workers\world-0\simulator\cache\navdata.p
Successfully loaded OpenAP performance model
Failed to load BADA performance model
Successfully loaded legacy performance model
Successfully loaded plugin AREA
Successfully loaded plugin DATAFEED
{"arm_completed": "full_policy", "clean_completion": 0.3, "metrics": {"waypoint_reached": 1.0, "flight_time": 811.9, "intrusion_events": 1.3, "intrusion_time": 73.6, "restricted_area_events": 0.1, "time_in_restricted_area": 12.75, "sector_exit_events": 0.0, "time_outside_sector": 0.0, "total_reward": -38.60798527822484}}
Creating directory "C:\Users\Shricharan\VSCodeProjects\airtrafficcontrol\bluesky-gym\runs\ppo-action-components-v1\zero_heading\workers\world-0\simulator\scenario"
Creating directory "C:\Users\Shricharan\VSCodeProjects\airtrafficcontrol\bluesky-gym\runs\ppo-action-components-v1\zero_heading\workers\world-0\simulator\plugins"
Creating directory "C:\Users\Shricharan\VSCodeProjects\airtrafficcontrol\bluesky-gym\runs\ppo-action-components-v1\zero_heading\workers\world-0\simulator\output"
Creating directory "C:\Users\Shricharan\VSCodeProjects\airtrafficcontrol\bluesky-gym\runs\ppo-action-components-v1\zero_heading\workers\world-0\simulator\cache"
Copying default configfile to C:\Users\Shricharan\VSCodeProjects\airtrafficcontrol\bluesky-gym\runs\ppo-action-components-v1\zero_heading\workers\world-0\simulator\settings.cfg
Reading config from C:\Users\Shricharan\VSCodeProjects\airtrafficcontrol\bluesky-gym\runs\ppo-action-components-v1\zero_heading\workers\world-0\simulator\settings.cfg
Using compiled geo functions
Reading magnetic variation data
Warning: RTree could not be loaded. areafilter get_intersecting and get_knearest won't work
Loading global navigation database...
Cachefile not found: C:\Users\Shricharan\VSCodeProjects\airtrafficcontrol\bluesky-gym\runs\ppo-action-components-v1\zero_heading\workers\world-0\simulator\cache\navdata.p
Reading nav.dat
Reading fix.dat
Reading awy.dat
Reading apt.dat from apt.zip
Writing cache: C:\Users\Shricharan\VSCodeProjects\airtrafficcontrol\bluesky-gym\runs\ppo-action-components-v1\zero_heading\workers\world-0\simulator\cache\navdata.p
Successfully loaded OpenAP performance model
Failed to load BADA performance model
Successfully loaded legacy performance model
Successfully loaded plugin AREA
Successfully loaded plugin DATAFEED
{"arm_completed": "zero_heading", "clean_completion": 0.25, "metrics": {"waypoint_reached": 1.0, "flight_time": 804.95, "intrusion_events": 2.2, "intrusion_time": 115.7, "restricted_area_events": 0.0, "time_in_restricted_area": 0.0, "sector_exit_events": 0.0, "time_outside_sector": 0.0, "total_reward": -72.02908109024108}}
Creating directory "C:\Users\Shricharan\VSCodeProjects\airtrafficcontrol\bluesky-gym\runs\ppo-action-components-v1\zero_speed\workers\world-0\simulator\scenario"
Creating directory "C:\Users\Shricharan\VSCodeProjects\airtrafficcontrol\bluesky-gym\runs\ppo-action-components-v1\zero_speed\workers\world-0\simulator\plugins"
Creating directory "C:\Users\Shricharan\VSCodeProjects\airtrafficcontrol\bluesky-gym\runs\ppo-action-components-v1\zero_speed\workers\world-0\simulator\output"
Creating directory "C:\Users\Shricharan\VSCodeProjects\airtrafficcontrol\bluesky-gym\runs\ppo-action-components-v1\zero_speed\workers\world-0\simulator\cache"
Copying default configfile to C:\Users\Shricharan\VSCodeProjects\airtrafficcontrol\bluesky-gym\runs\ppo-action-components-v1\zero_speed\workers\world-0\simulator\settings.cfg
Reading config from C:\Users\Shricharan\VSCodeProjects\airtrafficcontrol\bluesky-gym\runs\ppo-action-components-v1\zero_speed\workers\world-0\simulator\settings.cfg
Using compiled geo functions
Reading magnetic variation data
Warning: RTree could not be loaded. areafilter get_intersecting and get_knearest won't work
Loading global navigation database...
Cachefile not found: C:\Users\Shricharan\VSCodeProjects\airtrafficcontrol\bluesky-gym\runs\ppo-action-components-v1\zero_speed\workers\world-0\simulator\cache\navdata.p
Reading nav.dat
Reading fix.dat
Reading awy.dat
Reading apt.dat from apt.zip
Writing cache: C:\Users\Shricharan\VSCodeProjects\airtrafficcontrol\bluesky-gym\runs\ppo-action-components-v1\zero_speed\workers\world-0\simulator\cache\navdata.p
Successfully loaded OpenAP performance model
Failed to load BADA performance model
Successfully loaded legacy performance model
Successfully loaded plugin AREA
Successfully loaded plugin DATAFEED
{"arm_completed": "zero_speed", "clean_completion": 0.3, "metrics": {"waypoint_reached": 1.0, "flight_time": 870.2, "intrusion_events": 1.3, "intrusion_time": 80.4, "restricted_area_events": 0.1, "time_in_restricted_area": 13.95, "sector_exit_events": 0.0, "time_outside_sector": 0.0, "total_reward": -45.6394559290285}}
{"verified_files": 125, "upstream_commit": "00930013219af4c17e509c3efc84a8becd0f3546"}
