Creating directory "C:\Users\Shricharan\VSCodeProjects\airtrafficcontrol\bluesky-gym\runs\imitation-ppo-recovery-v1\technical\native\simulator\scenario"
Creating directory "C:\Users\Shricharan\VSCodeProjects\airtrafficcontrol\bluesky-gym\runs\imitation-ppo-recovery-v1\technical\native\simulator\plugins"
Creating directory "C:\Users\Shricharan\VSCodeProjects\airtrafficcontrol\bluesky-gym\runs\imitation-ppo-recovery-v1\technical\native\simulator\output"
Creating directory "C:\Users\Shricharan\VSCodeProjects\airtrafficcontrol\bluesky-gym\runs\imitation-ppo-recovery-v1\technical\native\simulator\cache"
Copying default configfile to C:\Users\Shricharan\VSCodeProjects\airtrafficcontrol\bluesky-gym\runs\imitation-ppo-recovery-v1\technical\native\simulator\settings.cfg
Reading config from C:\Users\Shricharan\VSCodeProjects\airtrafficcontrol\bluesky-gym\runs\imitation-ppo-recovery-v1\technical\native\simulator\settings.cfg
Using compiled geo functions
Reading magnetic variation data
Warning: RTree could not be loaded. areafilter get_intersecting and get_knearest won't work
Loading global navigation database...
Cachefile not found: C:\Users\Shricharan\VSCodeProjects\airtrafficcontrol\bluesky-gym\runs\imitation-ppo-recovery-v1\technical\native\simulator\cache\navdata.p
Reading nav.dat
Reading fix.dat
Reading awy.dat
Reading apt.dat from apt.zip
Writing cache: C:\Users\Shricharan\VSCodeProjects\airtrafficcontrol\bluesky-gym\runs\imitation-ppo-recovery-v1\technical\native\simulator\cache\navdata.p
Successfully loaded OpenAP performance model
Failed to load BADA performance model
Successfully loaded legacy performance model
Successfully loaded plugin AREA
Successfully loaded plugin DATAFEED
{"episode_started": 1}
{"episode_started": 2}

wrote per-episode metrics to C:\Users\Shricharan\VSCodeProjects\airtrafficcontrol\bluesky-gym\runs\imitation-ppo-recovery-v1\technical\native\original-harness.csv
{"episodes": 2, "agent_episodes": 20, "metrics": {"waypoint_reached": {"mean": 1.0, "std": 0.0}, "flight_time": {"mean": 889.95, "std": 150.09679376988706}, "intrusion_events": {"mean": 0.9, "std": 0.888819441731559}, "intrusion_time": {"mean": 81.1, "std": 125.16904569421308}, "restricted_area_events": {"mean": 0.0, "std": 0.0}, "time_in_restricted_area": {"mean": 0.0, "std": 0.0}, "sector_exit_events": {"mean": 0.0, "std": 0.0}, "time_outside_sector": {"mean": 0.0, "std": 0.0}, "total_reward": {"mean": -39.36405066998917, "std": 118.36553114247641}}, "clean_completion_rate": 0.45, "all_aircraft_clean_completion_rate": 0.0, "algorithm": "ppo", "seed": 20260, "track": "ma", "official_protocol": false, "runtime": {"static_area_filter": true, "traffic_conflict_filter": false, "traffic_position_scale": 1.0, "actor_uses_joint_context": false, "training_track": "ma", "evaluation_track": "ma", "single_agent_transfer": false, "observed_traffic_slots": 9, "simulated_scripted_intruders": 0, "episode_time_limit": 3000, "intrusion_distance": 5, "distance_margin": 5, "action_frequency": 5, "sim_dt": 1, "n_obstacles": 5, "geo_backend": "bluesky.tools.geo._cgeo", "performance_module": "bluesky.traffic.performance.openap.perfoap"}, "actor_inference_uses_joint_context": false, "world_decisions": 450, "wall_seconds": 40.1233665999971, "csv_sha256": "52ff37553417bbef360c7e30af07cdeca00c0f36e4a25d5b583d465f4fdfb221", "original_harness_csv_sha256": "21c31173d4b9a60f44549e33683f1b9653680951d2479d4d25323890423f2076"}
