{"rollout": 1, "live_transitions": 1273, "padded_transitions": 7, "counted_transitions": 1280, "worlds_completed": 0, "aircraft_completed": 1, "optimizer_steps": 1, "policy_epochs": 1, "wall_seconds": 26.589023800006544, "live_transitions_per_second": 47.87689873742889, "training_return_last100": 0.37405085780110414, "native_return_last100": 37.40508578011041, "training_arrival_last100": 1.0, "policy_loss": 0.1049040388315916, "value_loss": 0.07805584743618965, "approx_kl": 0.527812659740448, "clip_fraction": 0.458984375, "rollout_live_samples": 1273, "rollout_return_variance_live": 0.03155829945620076, "rollout_value_mse_live": 0.062074454905487644, "rollout_value_explained_variance_live": -0.9666247951917801, "rollout_action_box_clip_fraction_live": 0.42733699921445406}
{"rollout": 2, "live_transitions": 1808, "padded_transitions": 752, "counted_transitions": 2560, "worlds_completed": 0, "aircraft_completed": 8, "optimizer_steps": 2, "policy_epochs": 2, "wall_seconds": 31.005937300004007, "live_transitions_per_second": 58.31141250484843, "training_return_last100": -0.03535998908925028, "native_return_last100": -3.5359989089250234, "training_arrival_last100": 1.0, "policy_loss": 0.08276883885264397, "value_loss": 0.4795800596475601, "approx_kl": 0.1493367999792099, "clip_fraction": 0.373046875, "rollout_live_samples": 535, "rollout_return_variance_live": 0.43260022361467443, "rollout_value_mse_live": 0.5497965857231671, "rollout_value_explained_variance_live": -0.23541042085816488, "rollout_action_box_clip_fraction_live": 0.19813084112149532}
{"status": "complete", "algorithm": "ppo", "live_transitions": 1808, "padded_transitions": 752, "counted_transitions": 2560, "optimizer_steps": 2, "policy_epochs": 2, "rollouts": 2, "worlds_completed": 0, "aircraft_completed": 8, "wall_seconds": 31.10843850000674, "actor_and_critic_parameters_changed": true, "source_unchanged": true, "model_sha256": "d10c979bf504e073418c5ee243ba8d86c3e455eeeebbc4fc56795e291103da4d", "training_seed": 61500, "performance_evaluation": "Not performed by this training command; use separate fixed-scenario evaluations.", "pretraining": {"method": "behavior_cloning", "original_directory": "C:\\Users\\Shricharan\\VSCodeProjects\\airtrafficcontrol\\bluesky-gym\\runs\\imitation-ppo-pilot-v1\\bc", "archived_directory": "pretraining", "archived_files": {"model.zip": "a4ecb4852cd967b16c765af3f4da770de5b4024859c891c834d98edb209a912b", "config.json": "60fdfd3b93d991b8ec83b25eaa5e031e9030a19d2638ed429576650f324601b8", "training_summary.json": "745612c99f6283b102f684d0776be0a7d14fd324a81726fe3a0930b3e769ee3e", "checkpoints.json": "204efb0e4d6062f51a9dd9d500ac3f47be574a973a6ecfa72ac5aa65afa5e635", "provenance.json": "774c1dbb9ac77697569cec14cd909cb71a40cfddbc33e82bf3565d34eb6dd583"}, "parent_checkpoint": {"file": "model.zip", "sha256": "a4ecb4852cd967b16c765af3f4da770de5b4024859c891c834d98edb209a912b", "policy_fingerprint": "cb2d5736069d69db530a015bacefcb9ad2495d7489ae32ec0e93616ffd3245ee", "live_transitions": 0, "counted_transitions": 0, "padded_transitions": 0, "optimizer_steps": 0, "policy_epochs": 0, "rollouts": 0, "training_method": "behavior_cloning", "supervised_epochs": 40, "supervised_optimizer_steps": 2480, "supervised_examples_seen": 2509760, "demonstration_transitions": 62744}, "demonstration_transitions": 62744, "supervised_optimizer_steps": 2480, "supervised_examples_seen": 2509760, "initial_policy_is_untrained": false, "rl_live_transitions_at_initialization": 0, "ppo_optimizer_inherited": false, "action_space_compatibility": {"parent_dtype": "float32", "ppo_dtype": "float64", "shape": [2], "low": [-1.0, -1.0], "high": [1.0, 1.0], "only_floating_storage_dtype_may_differ": true}}, "training_method": "ppo_after_behavior_cloning"}
Creating directory "C:\Users\Shricharan\VSCodeProjects\airtrafficcontrol\bluesky-gym\runs\imitation-ppo-recovery-v1\technical\train\workers\world-0\simulator\scenario"
Creating directory "C:\Users\Shricharan\VSCodeProjects\airtrafficcontrol\bluesky-gym\runs\imitation-ppo-recovery-v1\technical\train\workers\world-0\simulator\plugins"
Creating directory "C:\Users\Shricharan\VSCodeProjects\airtrafficcontrol\bluesky-gym\runs\imitation-ppo-recovery-v1\technical\train\workers\world-0\simulator\output"
Creating directory "C:\Users\Shricharan\VSCodeProjects\airtrafficcontrol\bluesky-gym\runs\imitation-ppo-recovery-v1\technical\train\workers\world-0\simulator\cache"
Copying default configfile to C:\Users\Shricharan\VSCodeProjects\airtrafficcontrol\bluesky-gym\runs\imitation-ppo-recovery-v1\technical\train\workers\world-0\simulator\settings.cfg
Reading config from C:\Users\Shricharan\VSCodeProjects\airtrafficcontrol\bluesky-gym\runs\imitation-ppo-recovery-v1\technical\train\workers\world-0\simulator\settings.cfg
Using compiled geo functions
Reading magnetic variation data
Warning: RTree could not be loaded. areafilter get_intersecting and get_knearest won't work
Loading global navigation database...
Cachefile not found: C:\Users\Shricharan\VSCodeProjects\airtrafficcontrol\bluesky-gym\runs\imitation-ppo-recovery-v1\technical\train\workers\world-0\simulator\cache\navdata.p
Reading nav.dat
Reading fix.dat
Reading awy.dat
Reading apt.dat from apt.zip
Writing cache: C:\Users\Shricharan\VSCodeProjects\airtrafficcontrol\bluesky-gym\runs\imitation-ppo-recovery-v1\technical\train\workers\world-0\simulator\cache\navdata.p
Successfully loaded OpenAP performance model
Failed to load BADA performance model
Successfully loaded legacy performance model
Successfully loaded plugin AREA
Successfully loaded plugin DATAFEED
