{"verified_files": 125, "upstream_commit": "00930013219af4c17e509c3efc84a8becd0f3546"}
Creating directory "C:\Users\Shricharan\VSCodeProjects\airtrafficcontrol\bluesky-gym\runs\ppo-observation-diagnostic-v1\workers\world-0\simulator\scenario"
Creating directory "C:\Users\Shricharan\VSCodeProjects\airtrafficcontrol\bluesky-gym\runs\ppo-observation-diagnostic-v1\workers\world-0\simulator\plugins"
Creating directory "C:\Users\Shricharan\VSCodeProjects\airtrafficcontrol\bluesky-gym\runs\ppo-observation-diagnostic-v1\workers\world-0\simulator\output"
Creating directory "C:\Users\Shricharan\VSCodeProjects\airtrafficcontrol\bluesky-gym\runs\ppo-observation-diagnostic-v1\workers\world-0\simulator\cache"
Copying default configfile to C:\Users\Shricharan\VSCodeProjects\airtrafficcontrol\bluesky-gym\runs\ppo-observation-diagnostic-v1\workers\world-0\simulator\settings.cfg
Reading config from C:\Users\Shricharan\VSCodeProjects\airtrafficcontrol\bluesky-gym\runs\ppo-observation-diagnostic-v1\workers\world-0\simulator\settings.cfg
Using compiled geo functions
Reading magnetic variation data
Warning: RTree could not be loaded. areafilter get_intersecting and get_knearest won't work
Loading global navigation database...
Cachefile not found: C:\Users\Shricharan\VSCodeProjects\airtrafficcontrol\bluesky-gym\runs\ppo-observation-diagnostic-v1\workers\world-0\simulator\cache\navdata.p
Reading nav.dat
Reading fix.dat
Reading awy.dat
Reading apt.dat from apt.zip
Writing cache: C:\Users\Shricharan\VSCodeProjects\airtrafficcontrol\bluesky-gym\runs\ppo-observation-diagnostic-v1\workers\world-0\simulator\cache\navdata.p
Successfully loaded OpenAP performance model
Failed to load BADA performance model
Successfully loaded legacy performance model
Successfully loaded plugin AREA
Successfully loaded plugin DATAFEED
{"samples": 371, "reference_metrics_matched": 90, "models": {"guided_49900_100k": {"checkpoint_sha256": "ffa8a1ceee4fae55e8fc4e42f0953aecc4277799428c12b86b3441f4ef8da3d9", "live_transitions": 101144, "actor_tanh1_fraction_abs_above_0_99": 0.013245451264083385, "actor_tanh2_fraction_abs_above_0_99": 0.0021479111164808273, "learned_stochastic_standard_deviation": [0.05319862440228462, 0.05308463051915169], "latent_mean_by_action": [-0.013164374977350235, 0.013509915210306644], "latent_std_across_reference_states": [0.02882358618080616, 0.026589877903461456], "latent_5_50_95_percentiles_by_action": [[-0.06926758959889412, -0.030035195872187614], [-0.011311152949929237, 0.011500424705445766], [0.031147929839789867, 0.058646947145462036]], "fraction_mean_outside_action_bounds": 0.0, "heading_offset_degrees_mean": -1.184794306755066, "heading_offset_degrees_std": 2.5941221714019775}, "guided_49920_100k": {"checkpoint_sha256": "e651505027477200aa6d4289246a47114282b2341351d46f11b8577258f31d12", "live_transitions": 101336, "actor_tanh1_fraction_abs_above_0_99": 0.013940364122390747, "actor_tanh2_fraction_abs_above_0_99": 0.0010950134601444006, "learned_stochastic_standard_deviation": [0.051862683147192, 0.054249439388513565], "latent_mean_by_action": [0.008205221965909004, 9.252106974599883e-05], "latent_std_across_reference_states": [0.034560926258563995, 0.024748090654611588], "latent_5_50_95_percentiles_by_action": [[-0.05025327391922474, -0.03878382407128811], [0.00586024159565568, -0.000513934064656496], [0.06365639716386795, 0.041572749614715576]], "fraction_mean_outside_action_bounds": 0.0, "heading_offset_degrees_mean": 0.7384698987007141, "heading_offset_degrees_std": 3.1104836463928223}, "guided_49940_100k": {"checkpoint_sha256": "cb683c1ccb8d6fe7b8d7db996a984729c642ba7894850d45edab1c13519f2927", "live_transitions": 101894, "actor_tanh1_fraction_abs_above_0_99": 0.015709232538938522, "actor_tanh2_fraction_abs_above_0_99": 0.0006106806104071438, "learned_stochastic_standard_deviation": [0.053970564156770706, 0.05099864676594734], "latent_mean_by_action": [0.021320581436157227, 0.00934497732669115], "latent_std_across_reference_states": [0.034353844821453094, 0.03164754435420036], "latent_5_50_95_percentiles_by_action": [[-0.037183281034231186, -0.045687904581427574], [0.02198096178472042, 0.010537190362811089], [0.07292121648788452, 0.05874884873628616]], "fraction_mean_outside_action_bounds": 0.0, "heading_offset_degrees_mean": 1.9188528060913086, "heading_offset_degrees_std": 3.091845750808716}, "features_50400_100k": {"checkpoint_sha256": "f2482b18a81e3a3e39eec451e14dd745fb4b02f8b072e9b1670b6b294fedc77c", "live_transitions": 100555, "actor_tanh1_fraction_abs_above_0_99": 0.07841981202363968, "actor_tanh2_fraction_abs_above_0_99": 0.006317385472357273, "learned_stochastic_standard_deviation": [0.053956348448991776, 0.05448324978351593], "latent_mean_by_action": [-0.08028015494346619, 0.09441722929477692], "latent_std_across_reference_states": [0.05591347813606262, 0.045237947255373], "latent_5_50_95_percentiles_by_action": [[-0.16035813093185425, 0.015501145273447037], [-0.09058044850826263, 0.10095761716365814], [0.02442658133804798, 0.15423951297998428]], "fraction_mean_outside_action_bounds": 0.0, "heading_offset_degrees_mean": -7.225213050842285, "heading_offset_degrees_std": 5.032212734222412}}}
