{"deployment_model": "C:\\Users\\Shricharan\\VSCodeProjects\\airtrafficcontrol\\bluesky-gym\\runs\\forecast-batch-v1\\timing-ma\\00-scalar\\candidate\\models\\ma\\model.zip", "model_sha256": "961f525f11bec7a0f417933d209230ca99c5b4b8c00d883233a006b8ee38c4bb", "env": "ma", "heading_transport": {"revision": 1, "encoding": "plain_decimal"}}
Creating directory "C:\Users\Shricharan\VSCodeProjects\airtrafficcontrol\bluesky-gym\runs\forecast-batch-v1\timing-ma\00-scalar\candidate\source\runs\simulator\scenario"
Creating directory "C:\Users\Shricharan\VSCodeProjects\airtrafficcontrol\bluesky-gym\runs\forecast-batch-v1\timing-ma\00-scalar\candidate\source\runs\simulator\plugins"
Creating directory "C:\Users\Shricharan\VSCodeProjects\airtrafficcontrol\bluesky-gym\runs\forecast-batch-v1\timing-ma\00-scalar\candidate\source\runs\simulator\output"
Copying default configfile to C:\Users\Shricharan\VSCodeProjects\airtrafficcontrol\bluesky-gym\runs\forecast-batch-v1\timing-ma\00-scalar\candidate\source\runs\simulator\settings.cfg
Reading config from C:\Users\Shricharan\VSCodeProjects\airtrafficcontrol\bluesky-gym\runs\forecast-batch-v1\timing-ma\00-scalar\candidate\source\runs\simulator\settings.cfg
Using compiled geo functions
Reading magnetic variation data
Warning: RTree could not be loaded. areafilter get_intersecting and get_knearest won't work
Loading global navigation database...
Reading cache: C:\Users\Shricharan\VSCodeProjects\airtrafficcontrol\bluesky-gym\runs\forecast-batch-v1\timing-ma\00-scalar\candidate\source\runs\simulator\cache\navdata.p
Successfully loaded OpenAP performance model
Failed to load BADA performance model
Successfully loaded legacy performance model
Successfully loaded plugin AREA
Successfully loaded plugin DATAFEED
{
  "env": "ma",
  "seed": 2026,
  "episodes": 2,
  "model_sha256": "961f525f11bec7a0f417933d209230ca99c5b4b8c00d883233a006b8ee38c4bb",
  "extracted_source_used": true,
  "source_directory": "C:\\Users\\Shricharan\\VSCodeProjects\\airtrafficcontrol\\bluesky-gym\\runs\\forecast-batch-v1\\timing-ma\\00-scalar\\candidate\\source",
  "all_metrics_match": true,
  "metric_max_absolute_difference": {
    "waypoint_reached": 0.0,
    "flight_time": 0.0,
    "intrusion_events": 0.0,
    "intrusion_time": 0.0,
    "restricted_area_events": 0.0,
    "time_in_restricted_area": 0.0,
    "sector_exit_events": 0.0,
    "time_outside_sector": 0.0,
    "total_reward": 0.0
  },
  "dependency_environment": "Existing interpreter; dependencies were not reinstalled by this check"
}
