C:\Users\Shricharan\VSCodeProjects\airtrafficcontrol\bluesky-gym\.venv\Lib\site-packages\stable_baselines3\ppo\ppo.py:155: UserWarning: You have specified a mini-batch size of 256, but because the `RolloutBuffer` is of size `n_steps * n_envs = 640`, after every 2 untruncated mini-batches, there will be a truncated mini-batch of size 128
We recommend using a `batch_size` that is a factor of `n_steps * n_envs`.
Info: (n_steps=64 and n_envs=10)
  warnings.warn(
{"rollout": 1, "live_transitions": 640, "padded_transitions": 0, "counted_transitions": 640, "worlds_completed": 0, "aircraft_completed": 0, "optimizer_steps": 1, "policy_epochs": 1, "wall_seconds": 26.484716499999195, "live_transitions_per_second": 24.164880148897176, "training_return_last100": null, "native_return_last100": null, "training_arrival_last100": null, "policy_loss": 0.03450511582195759, "value_loss": 1.379711540415883, "approx_kl": 0.06119433045387268, "clip_fraction": 0.36328125, "rollout_live_samples": 640, "rollout_return_variance_live": 0.023741476275095364, "rollout_value_mse_live": 0.04022764921719178, "rollout_value_explained_variance_live": -0.5841263632453406, "rollout_action_box_clip_fraction_live": 0.0}
{"rollout": 2, "live_transitions": 1280, "padded_transitions": 0, "counted_transitions": 1280, "worlds_completed": 0, "aircraft_completed": 0, "optimizer_steps": 7, "policy_epochs": 3, "wall_seconds": 33.767567200000485, "live_transitions_per_second": 37.90619538620424, "training_return_last100": null, "native_return_last100": null, "training_arrival_last100": null, "policy_loss": 0.009890474379062653, "value_loss": 0.4190045930445194, "approx_kl": 0.021292373538017273, "clip_fraction": 0.2897135416666667, "rollout_live_samples": 640, "rollout_return_variance_live": 0.045805719166520084, "rollout_value_mse_live": 0.08742484020922653, "rollout_value_explained_variance_live": 0.3605697787655556, "rollout_action_box_clip_fraction_live": 0.0}
{"status": "complete", "algorithm": "mappo", "live_transitions": 1280, "padded_transitions": 0, "counted_transitions": 1280, "optimizer_steps": 7, "policy_epochs": 3, "rollouts": 2, "worlds_completed": 0, "aircraft_completed": 0, "wall_seconds": 34.01580079999985, "actor_and_critic_parameters_changed": true, "source_unchanged": true, "model_sha256": "c5c424e8136ea7dbe4c647484c18934dda227fc2672185a7c2042d1385044ddc", "training_seed": 49040, "performance_evaluation": "Not performed by this training command; use separate fixed-scenario evaluations."}
Creating directory "C:\Users\Shricharan\VSCodeProjects\airtrafficcontrol\bluesky-gym\runs\static-filter-development-v1\mappo\train\workers\world-0\simulator\scenario"
Creating directory "C:\Users\Shricharan\VSCodeProjects\airtrafficcontrol\bluesky-gym\runs\static-filter-development-v1\mappo\train\workers\world-0\simulator\plugins"
Creating directory "C:\Users\Shricharan\VSCodeProjects\airtrafficcontrol\bluesky-gym\runs\static-filter-development-v1\mappo\train\workers\world-0\simulator\output"
Copying default configfile to C:\Users\Shricharan\VSCodeProjects\airtrafficcontrol\bluesky-gym\runs\static-filter-development-v1\mappo\train\workers\world-0\simulator\settings.cfg
Reading config from C:\Users\Shricharan\VSCodeProjects\airtrafficcontrol\bluesky-gym\runs\static-filter-development-v1\mappo\train\workers\world-0\simulator\settings.cfg
Using compiled geo functions
Reading magnetic variation data
Warning: RTree could not be loaded. areafilter get_intersecting and get_knearest won't work
Loading global navigation database...
Reading cache: C:\Users\Shricharan\VSCodeProjects\airtrafficcontrol\bluesky-gym\runs\static-filter-development-v1\mappo\train\workers\world-0\simulator\cache\navdata.p
Successfully loaded OpenAP performance model
Failed to load BADA performance model
Successfully loaded legacy performance model
Successfully loaded plugin AREA
Successfully loaded plugin DATAFEED
