Reading config from C:\Users\Shricharan\VSCodeProjects\airtrafficcontrol\bluesky-gym\runs\simulator\settings.cfg
Using compiled geo functions
Reading magnetic variation data
Warning: RTree could not be loaded. areafilter get_intersecting and get_knearest won't work
Loading global navigation database...
Reading cache: C:\Users\Shricharan\VSCodeProjects\airtrafficcontrol\bluesky-gym\runs\simulator\cache\navdata.p
Successfully loaded OpenAP performance model
Failed to load BADA performance model
Successfully loaded legacy performance model
Successfully loaded plugin AREA
Successfully loaded plugin DATAFEED
Scenario 1/20: completion=100%, intrusion=0.0s
Scenario 2/20: completion=100%, intrusion=77.0s
Scenario 3/20: completion=100%, intrusion=0.0s
Scenario 4/20: completion=100%, intrusion=0.0s
Scenario 5/20: completion=100%, intrusion=41.0s
Scenario 6/20: completion=100%, intrusion=0.0s
Scenario 7/20: completion=100%, intrusion=0.0s
Scenario 8/20: completion=100%, intrusion=0.0s
Scenario 9/20: completion=100%, intrusion=52.0s
Scenario 10/20: completion=100%, intrusion=0.0s
Scenario 11/20: completion=100%, intrusion=0.0s
Scenario 12/20: completion=100%, intrusion=0.0s
Scenario 13/20: completion=100%, intrusion=0.0s
Scenario 14/20: completion=100%, intrusion=0.0s
Scenario 15/20: completion=100%, intrusion=0.0s
Scenario 16/20: completion=100%, intrusion=0.0s
Scenario 17/20: completion=100%, intrusion=30.0s
Scenario 18/20: completion=100%, intrusion=0.0s
Scenario 19/20: completion=100%, intrusion=0.0s
Scenario 20/20: completion=100%, intrusion=0.0s
{
  "episodes": 20,
  "agent_episodes": 20,
  "metrics": {
    "waypoint_reached": {
      "mean": 1.0,
      "std": 0.0
    },
    "flight_time": {
      "mean": 1062.85,
      "std": 486.41559134139607
    },
    "intrusion_events": {
      "mean": 0.25,
      "std": 0.5361902647381804
    },
    "intrusion_time": {
      "mean": 10.0,
      "std": 21.463923220138483
    },
    "restricted_area_events": {
      "mean": 0.0,
      "std": 0.0
    },
    "time_in_restricted_area": {
      "mean": 0.0,
      "std": 0.0
    },
    "sector_exit_events": {
      "mean": 0.0,
      "std": 0.0
    },
    "time_outside_sector": {
      "mean": 0.0,
      "std": 0.0
    },
    "total_reward": {
      "mean": 240.4775034435704,
      "std": 20.311181829402553
    }
  },
  "clean_completion_rate": 0.8,
  "all_aircraft_clean_completion_rate": 0.8,
  "wall_seconds": 184.50032330001704,
  "world_decisions": 2134,
  "seed": 2026,
  "env": "sa",
  "residual_statistics": {
    "actions": 2134,
    "heading_adjusted_actions": 2079,
    "speed_adjusted_actions": 964,
    "absolute_heading_adjustment_deg": 21396.427613855332,
    "absolute_speed_action": 1599.323413491249
  },
  "route_input_statistics": {
    "observations": 2154,
    "redirected_observations": 932,
    "route_replans": 12,
    "failed_replans": 0,
    "route_choices": 32,
    "shorter_route_choices": 5,
    "lower_clearance_fallbacks": 2,
    "geometric_detour_avoided_km": 574.1526178474544,
    "unroutable_initializations": 0
  },
  "traffic_projection_statistics": {
    "actions": 2134,
    "interventions": 403,
    "speed_interventions": 52,
    "nominal_static_violation": 32,
    "nominal_traffic_conflict": 372,
    "no_static_feasible_candidate": 0,
    "no_jointly_feasible_candidate": 64
  },
  "policy": "C:\\Users\\Shricharan\\VSCodeProjects\\airtrafficcontrol\\bluesky-gym\\runs\\replication-frozen-v1\\sa-seed2902\\candidate\\model.zip",
  "recipe": "public_route_choice_fast_residual_reach250_sa_transfer",
  "guard_static": true,
  "guard_traffic": true,
  "official_protocol": false,
  "model_sha256": "87e374be18cea1f85e235374c6522d489cc3b5438eb871a06eb124c1135e995e",
  "inference_mode": "per_aircraft",
  "static_projection_revision": 4,
  "static_projection_horizon_seconds": 90.0,
  "static_projection_clearance_km": 2.0,
  "route_input_revision": 1,
  "route_input_planner_revision": 2,
  "route_input_clearances_km": [
    6.0,
    3.0,
    2.0,
    1.0,
    0.0
  ],
  "route_input_sector_clearance_km": 6.0,
  "route_input_distance": "original_goal",
  "route_input_direct_bearing": "original_observation",
  "route_choice_revision": 1,
  "route_choice_min_preferred_clearance_km": 2.0,
  "route_choice_max_detour_ratio": 1.15,
  "route_choice_fallback": "lower_clearance_only_if_no_preferred_path",
  "route_residual_revision": 1,
  "route_residual_heading_limit_deg": 15.0,
  "route_residual_speed_scale": 2.0,
  "route_residual_composition": "clipped_direct_reference_plus_adjustment",
  "route_residual_reference": "last_observation_bearing_float32",
  "route_residual_speed_reference": 1.0,
  "traffic_projection_revision": 1,
  "traffic_projection_horizon_seconds": 90.0,
  "traffic_projection_sample_seconds": 5.0,
  "traffic_projection_margin_km": 1.0,
  "traffic_projection_turn_rate": 1.5,
  "traffic_projection_acceleration": 1.0
}
