C:\Users\Shricharan\VSCodeProjects\airtrafficcontrol\bluesky-gym\.venv\Lib\site-packages\stable_baselines3\ppo\ppo.py:155: UserWarning: You have specified a mini-batch size of 256, but because the `RolloutBuffer` is of size `n_steps * n_envs = 640`, after every 2 untruncated mini-batches, there will be a truncated mini-batch of size 128
We recommend using a `batch_size` that is a factor of `n_steps * n_envs`.
Info: (n_steps=64 and n_envs=10)
  warnings.warn(
{"rollout": 1, "live_transitions": 640, "padded_transitions": 0, "counted_transitions": 640, "worlds_completed": 0, "aircraft_completed": 0, "optimizer_steps": 1, "policy_epochs": 1, "wall_seconds": 48.03452290000132, "live_transitions_per_second": 13.323750531099423, "training_return_last100": null, "native_return_last100": null, "training_arrival_last100": null, "policy_loss": 0.017245155293494463, "value_loss": 0.10411193780601025, "approx_kl": 0.05639728158712387, "clip_fraction": 0.326171875, "rollout_live_samples": 640, "rollout_return_variance_live": 0.02870599858819638, "rollout_value_mse_live": 0.03423218626346047, "rollout_value_explained_variance_live": -0.03707167910427933, "rollout_action_box_clip_fraction_live": 0.0}
{"rollout": 2, "live_transitions": 1280, "padded_transitions": 0, "counted_transitions": 1280, "worlds_completed": 0, "aircraft_completed": 0, "optimizer_steps": 7, "policy_epochs": 3, "wall_seconds": 51.869086500002595, "live_transitions_per_second": 24.67751191260976, "training_return_last100": null, "native_return_last100": null, "training_arrival_last100": null, "policy_loss": 0.005002057645469904, "value_loss": 0.09401139492789905, "approx_kl": 0.007784988731145859, "clip_fraction": 0.07942708333333333, "rollout_live_samples": 640, "rollout_return_variance_live": 0.0724576825779745, "rollout_value_mse_live": 0.11910994479434438, "rollout_value_explained_variance_live": -0.15228930314498346, "rollout_action_box_clip_fraction_live": 0.0}
{"status": "complete", "algorithm": "ppo", "live_transitions": 1280, "padded_transitions": 0, "counted_transitions": 1280, "optimizer_steps": 7, "policy_epochs": 3, "rollouts": 2, "worlds_completed": 0, "aircraft_completed": 0, "wall_seconds": 52.017051300001185, "actor_and_critic_parameters_changed": true, "source_unchanged": true, "model_sha256": "c4a3336026bef9d2c72571449aeb4c4925332da854a2eb3e1bf64610b6a7cb88", "training_seed": 49010, "performance_evaluation": "Not performed by this training command; use separate fixed-scenario evaluations."}
Creating directory "C:\Users\Shricharan\VSCodeProjects\airtrafficcontrol\bluesky-gym\runs\cpa-observation-development-v1\smoke-train\workers\world-0\simulator\scenario"
Creating directory "C:\Users\Shricharan\VSCodeProjects\airtrafficcontrol\bluesky-gym\runs\cpa-observation-development-v1\smoke-train\workers\world-0\simulator\plugins"
Creating directory "C:\Users\Shricharan\VSCodeProjects\airtrafficcontrol\bluesky-gym\runs\cpa-observation-development-v1\smoke-train\workers\world-0\simulator\output"
Creating directory "C:\Users\Shricharan\VSCodeProjects\airtrafficcontrol\bluesky-gym\runs\cpa-observation-development-v1\smoke-train\workers\world-0\simulator\cache"
Copying default configfile to C:\Users\Shricharan\VSCodeProjects\airtrafficcontrol\bluesky-gym\runs\cpa-observation-development-v1\smoke-train\workers\world-0\simulator\settings.cfg
Reading config from C:\Users\Shricharan\VSCodeProjects\airtrafficcontrol\bluesky-gym\runs\cpa-observation-development-v1\smoke-train\workers\world-0\simulator\settings.cfg
Using compiled geo functions
Reading magnetic variation data
Warning: RTree could not be loaded. areafilter get_intersecting and get_knearest won't work
Loading global navigation database...
Cachefile not found: C:\Users\Shricharan\VSCodeProjects\airtrafficcontrol\bluesky-gym\runs\cpa-observation-development-v1\smoke-train\workers\world-0\simulator\cache\navdata.p
Reading nav.dat
Reading fix.dat
Reading awy.dat
Reading apt.dat from apt.zip
Writing cache: C:\Users\Shricharan\VSCodeProjects\airtrafficcontrol\bluesky-gym\runs\cpa-observation-development-v1\smoke-train\workers\world-0\simulator\cache\navdata.p
Successfully loaded OpenAP performance model
Failed to load BADA performance model
Successfully loaded legacy performance model
Successfully loaded plugin AREA
Successfully loaded plugin DATAFEED
